Archive member included to satisfy reference by file (symbol)

/opt/st/stm32cubeide_1.15.0/plugins/com.st.stm32cube.ide.mcu.externaltools.gnu-tools-for-stm32.12.3.rel1.linux64_1.0.100.202403111256/tools/bin/../lib/gcc/arm-none-eabi/12.3.1/../../../../arm-none-eabi/lib/thumb/v7e-m+dp/hard/libc_nano.a(libc_a-exit.o)
                              /opt/st/stm32cubeide_1.15.0/plugins/com.st.stm32cube.ide.mcu.externaltools.gnu-tools-for-stm32.12.3.rel1.linux64_1.0.100.202403111256/tools/bin/../lib/gcc/arm-none-eabi/12.3.1/../../../../arm-none-eabi/lib/thumb/v7e-m+dp/hard/crt0.o (exit)
/opt/st/stm32cubeide_1.15.0/plugins/com.st.stm32cube.ide.mcu.externaltools.gnu-tools-for-stm32.12.3.rel1.linux64_1.0.100.202403111256/tools/bin/../lib/gcc/arm-none-eabi/12.3.1/../../../../arm-none-eabi/lib/thumb/v7e-m+dp/hard/libc_nano.a(libc_a-malloc.o)
                              ./Middlewares/ST/STM32_USB_Host_Library/usbh_cdc.o (malloc)
/opt/st/stm32cubeide_1.15.0/plugins/com.st.stm32cube.ide.mcu.externaltools.gnu-tools-for-stm32.12.3.rel1.linux64_1.0.100.202403111256/tools/bin/../lib/gcc/arm-none-eabi/12.3.1/../../../../arm-none-eabi/lib/thumb/v7e-m+dp/hard/libc_nano.a(libc_a-mallocr.o)
                              /opt/st/stm32cubeide_1.15.0/plugins/com.st.stm32cube.ide.mcu.externaltools.gnu-tools-for-stm32.12.3.rel1.linux64_1.0.100.202403111256/tools/bin/../lib/gcc/arm-none-eabi/12.3.1/../../../../arm-none-eabi/lib/thumb/v7e-m+dp/hard/libc_nano.a(libc_a-malloc.o) (_malloc_r)
/opt/st/stm32cubeide_1.15.0/plugins/com.st.stm32cube.ide.mcu.externaltools.gnu-tools-for-stm32.12.3.rel1.linux64_1.0.100.202403111256/tools/bin/../lib/gcc/arm-none-eabi/12.3.1/../../../../arm-none-eabi/lib/thumb/v7e-m+dp/hard/libc_nano.a(libc_a-mlock.o)
                              /opt/st/stm32cubeide_1.15.0/plugins/com.st.stm32cube.ide.mcu.externaltools.gnu-tools-for-stm32.12.3.rel1.linux64_1.0.100.202403111256/tools/bin/../lib/gcc/arm-none-eabi/12.3.1/../../../../arm-none-eabi/lib/thumb/v7e-m+dp/hard/libc_nano.a(libc_a-mallocr.o) (__malloc_lock)
/opt/st/stm32cubeide_1.15.0/plugins/com.st.stm32cube.ide.mcu.externaltools.gnu-tools-for-stm32.12.3.rel1.linux64_1.0.100.202403111256/tools/bin/../lib/gcc/arm-none-eabi/12.3.1/../../../../arm-none-eabi/lib/thumb/v7e-m+dp/hard/libc_nano.a(libc_a-findfp.o)
                              /opt/st/stm32cubeide_1.15.0/plugins/com.st.stm32cube.ide.mcu.externaltools.gnu-tools-for-stm32.12.3.rel1.linux64_1.0.100.202403111256/tools/bin/../lib/gcc/arm-none-eabi/12.3.1/../../../../arm-none-eabi/lib/thumb/v7e-m+dp/hard/libc_nano.a(libc_a-exit.o) (__stdio_exit_handler)
/opt/st/stm32cubeide_1.15.0/plugins/com.st.stm32cube.ide.mcu.externaltools.gnu-tools-for-stm32.12.3.rel1.linux64_1.0.100.202403111256/tools/bin/../lib/gcc/arm-none-eabi/12.3.1/../../../../arm-none-eabi/lib/thumb/v7e-m+dp/hard/libc_nano.a(libc_a-fwalk.o)
                              /opt/st/stm32cubeide_1.15.0/plugins/com.st.stm32cube.ide.mcu.externaltools.gnu-tools-for-stm32.12.3.rel1.linux64_1.0.100.202403111256/tools/bin/../lib/gcc/arm-none-eabi/12.3.1/../../../../arm-none-eabi/lib/thumb/v7e-m+dp/hard/libc_nano.a(libc_a-findfp.o) (_fwalk_sglue)
/opt/st/stm32cubeide_1.15.0/plugins/com.st.stm32cube.ide.mcu.externaltools.gnu-tools-for-stm32.12.3.rel1.linux64_1.0.100.202403111256/tools/bin/../lib/gcc/arm-none-eabi/12.3.1/../../../../arm-none-eabi/lib/thumb/v7e-m+dp/hard/libc_nano.a(libc_a-stdio.o)
                              /opt/st/stm32cubeide_1.15.0/plugins/com.st.stm32cube.ide.mcu.externaltools.gnu-tools-for-stm32.12.3.rel1.linux64_1.0.100.202403111256/tools/bin/../lib/gcc/arm-none-eabi/12.3.1/../../../../arm-none-eabi/lib/thumb/v7e-m+dp/hard/libc_nano.a(libc_a-findfp.o) (__sread)
/opt/st/stm32cubeide_1.15.0/plugins/com.st.stm32cube.ide.mcu.externaltools.gnu-tools-for-stm32.12.3.rel1.linux64_1.0.100.202403111256/tools/bin/../lib/gcc/arm-none-eabi/12.3.1/../../../../arm-none-eabi/lib/thumb/v7e-m+dp/hard/libc_nano.a(libc_a-memset.o)
                              /opt/st/stm32cubeide_1.15.0/plugins/com.st.stm32cube.ide.mcu.externaltools.gnu-tools-for-stm32.12.3.rel1.linux64_1.0.100.202403111256/tools/bin/../lib/gcc/arm-none-eabi/12.3.1/../../../../arm-none-eabi/lib/thumb/v7e-m+dp/hard/crt0.o (memset)
/opt/st/stm32cubeide_1.15.0/plugins/com.st.stm32cube.ide.mcu.externaltools.gnu-tools-for-stm32.12.3.rel1.linux64_1.0.100.202403111256/tools/bin/../lib/gcc/arm-none-eabi/12.3.1/../../../../arm-none-eabi/lib/thumb/v7e-m+dp/hard/libc_nano.a(libc_a-closer.o)
                              /opt/st/stm32cubeide_1.15.0/plugins/com.st.stm32cube.ide.mcu.externaltools.gnu-tools-for-stm32.12.3.rel1.linux64_1.0.100.202403111256/tools/bin/../lib/gcc/arm-none-eabi/12.3.1/../../../../arm-none-eabi/lib/thumb/v7e-m+dp/hard/libc_nano.a(libc_a-stdio.o) (_close_r)
[...]
Memory Configuration

Name             Origin             Length             Attributes
RAM              0x24000000         0x00071c00         xrw
RAM_NONCACHEABLEBUFFER 0x24071c00         0x00000400         xrw
ITCM             0x00000000         0x00010000         xrw
DTCM             0x20000000         0x00010000         rw
SRAMAHB          0x30000000         0x00008000         rw
BKPSRAM          0x38800000         0x00001000         rw
FLASH            0x08000000         0x00010000         xrw
*default*        0x00000000         0xffffffff

Linker script and memory map

LOAD /opt/st/stm32cubeide_1.15.0/plugins/com.st.stm32cube.ide.mcu.externaltools.gnu-tools-for-stm32.12.3.rel1.linux64_1.0.100.202403111256/tools/bin/../lib/gcc/arm-none-eabi/12.3.1/thumb/v7e-m+dp/hard/crti.o
LOAD /opt/st/stm32cubeide_1.15.0/plugins/com.st.stm32cube.ide.mcu.externaltools.gnu-tools-for-stm32.12.3.rel1.linux64_1.0.100.202403111256/tools/bin/../lib/gcc/arm-none-eabi/12.3.1/thumb/v7e-m+dp/hard/crtbegin.o
LOAD /opt/st/stm32cubeide_1.15.0/plugins/com.st.stm32cube.ide.mcu.externaltools.gnu-tools-for-stm32.12.3.rel1.linux64_1.0.100.202403111256/tools/bin/../lib/gcc/arm-none-eabi/12.3.1/../../../../arm-none-eabi/lib/thumb/v7e-m+dp/hard/crt0.o
LOAD ./Core/Src/adc.o
LOAD ./Core/Src/gpdma.o
LOAD ./Core/Src/gpio.o
LOAD ./Core/Src/main.o
LOAD ./Core/Src/stm32h7rsxx_hal_msp.o
LOAD ./Core/Src/stm32h7rsxx_it.o
LOAD ./Core/Src/stm32h7xx_nucleo_bus.o
LOAD ./Core/Src/syscalls.o
LOAD ./Core/Src/sysmem.o
LOAD ./Core/Src/system_stm32h7rsxx.o
LOAD ./Core/Src/tim.o
LOAD ./Core/Src/usart.o
LOAD ./Core/Startup/startup_stm32h7s3l8hx.o
LOAD ./Drivers/BSP/Components/tcpp0203.o
LOAD ./Drivers/BSP/Components/tcpp0203_reg.o
LOAD ./Drivers/STM32H7RSxx_HAL_Driver/stm32h7rsxx_hal.o
LOAD ./Drivers/STM32H7RSxx_HAL_Driver/stm32h7rsxx_hal_adc.o
LOAD ./Drivers/STM32H7RSxx_HAL_Driver/stm32h7rsxx_hal_adc_ex.o
LOAD ./Drivers/STM32H7RSxx_HAL_Driver/stm32h7rsxx_hal_cortex.o
LOAD ./Drivers/STM32H7RSxx_HAL_Driver/stm32h7rsxx_hal_dma.o
LOAD ./Drivers/STM32H7RSxx_HAL_Driver/stm32h7rsxx_hal_dma_ex.o
LOAD ./Drivers/STM32H7RSxx_HAL_Driver/stm32h7rsxx_hal_exti.o
LOAD ./Drivers/STM32H7RSxx_HAL_Driver/stm32h7rsxx_hal_flash.o
LOAD ./Drivers/STM32H7RSxx_HAL_Driver/stm32h7rsxx_hal_flash_ex.o
LOAD ./Drivers/STM32H7RSxx_HAL_Driver/stm32h7rsxx_hal_gpio.o
LOAD ./Drivers/STM32H7RSxx_HAL_Driver/stm32h7rsxx_hal_hcd.o
LOAD ./Drivers/STM32H7RSxx_HAL_Driver/stm32h7rsxx_hal_i2c.o
LOAD ./Drivers/STM32H7RSxx_HAL_Driver/stm32h7rsxx_hal_i2c_ex.o
LOAD ./Drivers/STM32H7RSxx_HAL_Driver/stm32h7rsxx_hal_pwr.o
LOAD ./Drivers/STM32H7RSxx_HAL_Driver/stm32h7rsxx_hal_pwr_ex.o
LOAD ./Drivers/STM32H7RSxx_HAL_Driver/stm32h7rsxx_hal_rcc.o
LOAD ./Drivers/STM32H7RSxx_HAL_Driver/stm32h7rsxx_hal_rcc_ex.o
LOAD ./Drivers/STM32H7RSxx_HAL_Driver/stm32h7rsxx_hal_smbus.o
LOAD ./Drivers/STM32H7RSxx_HAL_Driver/stm32h7rsxx_hal_smbus_ex.o
LOAD ./Drivers/STM32H7RSxx_HAL_Driver/stm32h7rsxx_hal_tim.o
LOAD ./Drivers/STM32H7RSxx_HAL_Driver/stm32h7rsxx_hal_tim_ex.o
LOAD ./Drivers/STM32H7RSxx_HAL_Driver/stm32h7rsxx_hal_uart.o
LOAD ./Drivers/STM32H7RSxx_HAL_Driver/stm32h7rsxx_hal_uart_ex.o
LOAD ./Drivers/STM32H7RSxx_HAL_Driver/stm32h7rsxx_ll_usb.o
LOAD ./Middlewares/ST/STM32_USB_Host_Library/usbh_cdc.o
LOAD ./Middlewares/ST/STM32_USB_Host_Library/usbh_core.o
LOAD ./Middlewares/ST/STM32_USB_Host_Library/usbh_ctlreq.o
LOAD ./Middlewares/ST/STM32_USB_Host_Library/usbh_ioreq.o
LOAD ./Middlewares/ST/STM32_USB_Host_Library/usbh_pipes.o
LOAD ./TCPP/App/app_tcpp.o
LOAD ./TCPP/Target/USBnoPD_Tim.o
LOAD ./TCPP/Target/custom_board_usbpd_pwr.o
LOAD ./TCPP/Target/usbpd_ADCnoPD.o
LOAD ./TCPP/Target/usbpd_GPIO.o
LOAD ./USB_HOST/App/usb_host.o
LOAD ./USB_HOST/Target/usbh_conf.o
START GROUP
LOAD /opt/st/stm32cubeide_1.15.0/plugins/com.st.stm32cube.ide.mcu.externaltools.gnu-tools-for-stm32.12.3.rel1.linux64_1.0.100.202403111256/tools/bin/../lib/gcc/arm-none-eabi/12.3.1/../../../../arm-none-eabi/lib/thumb/v7e-m+dp/hard/libstdc++_nano.a
LOAD /opt/st/stm32cubeide_1.15.0/plugins/com.st.stm32cube.ide.mcu.externaltools.gnu-tools-for-stm32.12.3.rel1.linux64_1.0.100.202403111256/tools/bin/../lib/gcc/arm-none-eabi/12.3.1/../../../../arm-none-eabi/lib/thumb/v7e-m+dp/hard/libsupc++_nano.a
END GROUP
LOAD /opt/st/stm32cubeide_1.15.0/plugins/com.st.stm32cube.ide.mcu.externaltools.gnu-tools-for-stm32.12.3.rel1.linux64_1.0.100.202403111256/tools/bin/../lib/gcc/arm-none-eabi/12.3.1/../../../../arm-none-eabi/lib/thumb/v7e-m+dp/hard/libstdc++_nano.a
LOAD /opt/st/stm32cubeide_1.15.0/plugins/com.st.stm32cube.ide.mcu.externaltools.gnu-tools-for-stm32.12.3.rel1.linux64_1.0.100.202403111256/tools/bin/../lib/gcc/arm-none-eabi/12.3.1/../../../../arm-none-eabi/lib/thumb/v7e-m+dp/hard/libm.a
LOAD /opt/st/stm32cubeide_1.15.0/plugins/com.st.stm32cube.ide.mcu.externaltools.gnu-tools-for-stm32.12.3.rel1.linux64_1.0.100.202403111256/tools/bin/../lib/gcc/arm-none-eabi/12.3.1/../../../../arm-none-eabi/lib/thumb/v7e-m+dp/hard/libc_nano.a
START GROUP
LOAD /opt/st/stm32cubeide_1.15.0/plugins/com.st.stm32cube.ide.mcu.externaltools.gnu-tools-for-stm32.12.3.rel1.linux64_1.0.100.202403111256/tools/bin/../lib/gcc/arm-none-eabi/12.3.1/thumb/v7e-m+dp/hard/libgcc.a
LOAD /opt/st/stm32cubeide_1.15.0/plugins/com.st.stm32cube.ide.mcu.externaltools.gnu-tools-for-stm32.12.3.rel1.linux64_1.0.100.202403111256/tools/bin/../lib/gcc/arm-none-eabi/12.3.1/../../../../arm-none-eabi/lib/thumb/v7e-m+dp/hard/libc_nano.a
END GROUP
START GROUP
LOAD /opt/st/stm32cubeide_1.15.0/plugins/com.st.stm32cube.ide.mcu.externaltools.gnu-tools-for-stm32.12.3.rel1.linux64_1.0.100.202403111256/tools/bin/../lib/gcc/arm-none-eabi/12.3.1/thumb/v7e-m+dp/hard/libgcc.a
LOAD /opt/st/stm32cubeide_1.15.0/plugins/com.st.stm32cube.ide.mcu.externaltools.gnu-tools-for-stm32.12.3.rel1.linux64_1.0.100.202403111256/tools/bin/../lib/gcc/arm-none-eabi/12.3.1/../../../../arm-none-eabi/lib/thumb/v7e-m+dp/hard/libc_nano.a
LOAD /opt/st/stm32cubeide_1.15.0/plugins/com.st.stm32cube.ide.mcu.externaltools.gnu-tools-for-stm32.12.3.rel1.linux64_1.0.100.202403111256/tools/bin/../lib/gcc/arm-none-eabi/12.3.1/../../../../arm-none-eabi/lib/thumb/v7e-m+dp/hard/libnosys.a
END GROUP
START GROUP
LOAD /opt/st/stm32cubeide_1.15.0/plugins/com.st.stm32cube.ide.mcu.externaltools.gnu-tools-for-stm32.12.3.rel1.linux64_1.0.100.202403111256/tools/bin/../lib/gcc/arm-none-eabi/12.3.1/thumb/v7e-m+dp/hard/libgcc.a
LOAD /opt/st/stm32cubeide_1.15.0/plugins/com.st.stm32cube.ide.mcu.externaltools.gnu-tools-for-stm32.12.3.rel1.linux64_1.0.100.202403111256/tools/bin/../lib/gcc/arm-none-eabi/12.3.1/../../../../arm-none-eabi/lib/thumb/v7e-m+dp/hard/libc_nano.a
LOAD /opt/st/stm32cubeide_1.15.0/plugins/com.st.stm32cube.ide.mcu.externaltools.gnu-tools-for-stm32.12.3.rel1.linux64_1.0.100.202403111256/tools/bin/../lib/gcc/arm-none-eabi/12.3.1/../../../../arm-none-eabi/lib/thumb/v7e-m+dp/hard/libnosys.a
END GROUP
LOAD /opt/st/stm32cubeide_1.15.0/plugins/com.st.stm32cube.ide.mcu.externaltools.gnu-tools-for-stm32.12.3.rel1.linux64_1.0.100.202403111256/tools/bin/../lib/gcc/arm-none-eabi/12.3.1/thumb/v7e-m+dp/hard/crtend.o
LOAD /opt/st/stm32cubeide_1.15.0/plugins/com.st.stm32cube.ide.mcu.externaltools.gnu-tools-for-stm32.12.3.rel1.linux64_1.0.100.202403111256/tools/bin/../lib/gcc/arm-none-eabi/12.3.1/thumb/v7e-m+dp/hard/crtn.o
                0x20010000                        _estack = (ORIGIN (DTCM) + LENGTH (DTCM))
                0x00000200                        _Min_Heap_Size = 0x200
                0x00000400                        _Min_Stack_Size = 0x400
                0x08000000                        __FLASH_BEGIN = 0x8000000
                0x00010000                        __FLASH_SIZE = 0x10000
                0x24000000                        __RAM_BEGIN = 0x24000000
                0x00071c00                        __RAM_SIZE = 0x71c00
                0x00000400                        __RAM_NONCACHEABLEBUFFER_SIZE = 0x400

.isr_vector     0x08000000      0x2b0
                0x08000000                        . = ALIGN (0x4)
 *(.isr_vector)
 .isr_vector    0x08000000      0x2b0 ./Core/Startup/startup_stm32h7s3l8hx.o
                0x08000000                g_pfnVectors
                0x080002b0                        . = ALIGN (0x4)

.text           0x080002b0     0xebb4
                0x080002b0                        . = ALIGN (0x4)
 *(.text)
 .text          0x080002b0       0x40 /opt/st/stm32cubeide_1.15.0/plugins/com.st.stm32cube.ide.mcu.externaltools.gnu-tools-for-stm32.12.3.rel1.linux64_1.0.100.202403111256/tools/bin/../lib/gcc/arm-none-eabi/12.3.1/thumb/v7e-m+dp/hard/crtbegin.o
 .text          0x080002f0       0x30 /opt/st/stm32cubeide_1.15.0/plugins/com.st.stm32cube.ide.mcu.externaltools.gnu-tools-for-stm32.12.3.rel1.linux64_1.0.100.202403111256/tools/bin/../lib/gcc/arm-none-eabi/12.3.1/thumb/v7e-m+dp/hard/libgcc.a(_aeabi_uldivmod.o)
                0x080002f0                __aeabi_uldivmod
 .text          0x08000320      0x2bc /opt/st/stm32cubeide_1.15.0/plugins/com.st.stm32cube.ide.mcu.externaltools.gnu-tools-for-stm32.12.3.rel1.linux64_1.0.100.202403111256/tools/bin/../lib/gcc/arm-none-eabi/12.3.1/thumb/v7e-m+dp/hard/libgcc.a(_udivmoddi4.o)
                0x08000320                __udivmoddi4
 .text          0x080005dc        0x4 /opt/st/stm32cubeide_1.15.0/plugins/com.st.stm32cube.ide.mcu.externaltools.gnu-tools-for-stm32.12.3.rel1.linux64_1.0.100.202403111256/tools/bin/../lib/gcc/arm-none-eabi/12.3.1/thumb/v7e-m+dp/hard/libgcc.a(_dvmd_tls.o)
                0x080005dc                __aeabi_ldiv0
                0x080005dc                __aeabi_idiv0
 *(.text*)
 .text.MX_ADC1_Init
                0x080005e0       0xfc ./Core/Src/adc.o
                0x080005e0                MX_ADC1_Init
 .text.MX_ADC2_Init
                0x080006dc       0xc0 ./Core/Src/adc.o
                0x080006dc                MX_ADC2_Init
 .text.HAL_ADC_MspInit
                0x0800079c      0x444 ./Core/Src/adc.o
                0x0800079c                HAL_ADC_MspInit
 .text.MX_GPDMA1_Init
                0x08000be0       0x4c ./Core/Src/gpdma.o
                0x08000be0                MX_GPDMA1_Init
 .text.MX_GPIO_Init
                0x08000c2c       0xd4 ./Core/Src/gpio.o
                0x08000c2c                MX_GPIO_Init
 .text.main     0x08000d00       0x34 ./Core/Src/main.o
                0x08000d00                main
 .text.Error_Handler
                0x08000d34        0xc ./Core/Src/main.o
                0x08000d34                Error_Handler
 .text.HAL_MspInit
                0x08000d40        0xe ./Core/Src/stm32h7rsxx_hal_msp.o
                0x08000d40                HAL_MspInit
 .text.NMI_Handler
                0x08000d4e        0x8 ./Core/Src/stm32h7rsxx_it.o
                0x08000d4e                NMI_Handler
 .text.HardFault_Handler
                0x08000d56        0x8 ./Core/Src/stm32h7rsxx_it.o
                0x08000d56                HardFault_Handler
 .text.MemManage_Handler
                0x08000d5e        0x8 ./Core/Src/stm32h7rsxx_it.o
                0x08000d5e                MemManage_Handler
 .text.BusFault_Handler
                0x08000d66        0x8 ./Core/Src/stm32h7rsxx_it.o
                0x08000d66                BusFault_Handler
 .text.UsageFault_Handler
                0x08000d6e        0x8 ./Core/Src/stm32h7rsxx_it.o
                0x08000d6e                UsageFault_Handler
 .text.SVC_Handler
                0x08000d76        0xe ./Core/Src/stm32h7rsxx_it.o
                0x08000d76                SVC_Handler
 .text.DebugMon_Handler
                0x08000d84        0xe ./Core/Src/stm32h7rsxx_it.o
                0x08000d84                DebugMon_Handler
 .text.PendSV_Handler
                0x08000d92        0xe ./Core/Src/stm32h7rsxx_it.o
                0x08000d92                PendSV_Handler
 .text.SysTick_Handler
                0x08000da0        0xc ./Core/Src/stm32h7rsxx_it.o
                0x08000da0                SysTick_Handler
 .text.GPDMA1_Channel0_IRQHandler
                0x08000dac       0x14 ./Core/Src/stm32h7rsxx_it.o
                0x08000dac                GPDMA1_Channel0_IRQHandler
 .text.GPDMA1_Channel1_IRQHandler
                0x08000dc0       0x14 ./Core/Src/stm32h7rsxx_it.o
                0x08000dc0                GPDMA1_Channel1_IRQHandler
 .text.OTG_HS_IRQHandler
                0x08000dd4       0x14 ./Core/Src/stm32h7rsxx_it.o
                0x08000dd4                OTG_HS_IRQHandler
 .text.BSP_I2C3_Init
                0x08000de8       0x7c ./Core/Src/stm32h7xx_nucleo_bus.o
                0x08000de8                BSP_I2C3_Init
 .text.BSP_I2C3_DeInit
                0x08000e64       0x50 ./Core/Src/stm32h7xx_nucleo_bus.o
                0x08000e64                BSP_I2C3_DeInit
 .text.BSP_I2C3_WriteReg
                0x08000eb4       0x64 ./Core/Src/stm32h7xx_nucleo_bus.o
                0x08000eb4                BSP_I2C3_WriteReg
 .text.BSP_I2C3_ReadReg
                0x08000f18       0x64 ./Core/Src/stm32h7xx_nucleo_bus.o
                0x08000f18                BSP_I2C3_ReadReg
 .text.BSP_GetTick
                0x08000f7c        0xe ./Core/Src/stm32h7xx_nucleo_bus.o
                0x08000f7c                BSP_GetTick
 *fill*         0x08000f8a        0x2 
 .text.MX_I2C3_Init
                0x08000f8c       0x88 ./Core/Src/stm32h7xx_nucleo_bus.o
                0x08000f8c                MX_I2C3_Init
 .text.I2C3_MspInit
                0x08001014       0x9c ./Core/Src/stm32h7xx_nucleo_bus.o
 .text.I2C3_MspDeInit
                0x080010b0       0x3c ./Core/Src/stm32h7xx_nucleo_bus.o
 .text._sbrk    0x080010ec       0x6c ./Core/Src/sysmem.o
                0x080010ec                _sbrk
 .text.SystemInit
                0x08001158       0x2c ./Core/Src/system_stm32h7rsxx.o
                0x08001158                SystemInit
 .text.SystemCoreClockUpdate
                0x08001184      0x270 ./Core/Src/system_stm32h7rsxx.o
                0x08001184                SystemCoreClockUpdate
 .text.MX_USART3_UART_Init
                0x080013f4       0x98 ./Core/Src/usart.o
                0x080013f4                MX_USART3_UART_Init
 .text.HAL_UART_MspInit
                0x0800148c       0xc4 ./Core/Src/usart.o
                0x0800148c                HAL_UART_MspInit
 .text.Reset_Handler
                0x08001550       0x50 ./Core/Startup/startup_stm32h7s3l8hx.o
                0x08001550                Reset_Handler
 .text.Default_Handler
                0x080015a0        0x2 ./Core/Startup/startup_stm32h7s3l8hx.o
                0x080015a0                HPDMA1_Channel13_IRQHandler
                0x080015a0                EXTI2_IRQHandler
                0x080015a0                MCE2_IRQHandler
                0x080015a0                SAI1_A_IRQHandler
                0x080015a0                EXTI5_IRQHandler
                0x080015a0                I3C1_ER_IRQHandler
                0x080015a0                UART8_IRQHandler
                0x080015a0                SPI4_IRQHandler
                0x080015a0                EXTI13_IRQHandler
                0x080015a0                TIM1_CC_IRQHandler
                0x080015a0                XSPI1_IRQHandler
                0x080015a0                JPEG_IRQHandler
                0x080015a0                TAMP_IRQHandler
                0x080015a0                TIM6_IRQHandler
                0x080015a0                EXTI12_IRQHandler
                0x080015a0                CORDIC_IRQHandler
                0x080015a0                GFXTIM_IRQHandler
                0x080015a0                EXTI3_IRQHandler
                0x080015a0                LPTIM4_IRQHandler
                0x080015a0                GPDMA1_Channel5_IRQHandler
                0x080015a0                EXTI8_IRQHandler
                0x080015a0                LPTIM2_IRQHandler
                0x080015a0                GFXMMU_IRQHandler
                0x080015a0                I2C3_ER_IRQHandler
                0x080015a0                LPTIM3_IRQHandler
                0x080015a0                SAI2_A_IRQHandler
                0x080015a0                EXTI0_IRQHandler
                0x080015a0                HPDMA1_Channel9_IRQHandler
                0x080015a0                I2C2_EV_IRQHandler
                0x080015a0                FPU_IRQHandler
                0x080015a0                GPDMA1_Channel3_IRQHandler
                0x080015a0                GPDMA1_Channel7_IRQHandler
                0x080015a0                FDCAN1_IT1_IRQHandler
                0x080015a0                HPDMA1_Channel3_IRQHandler
                0x080015a0                ADC1_2_IRQHandler
                0x080015a0                GPDMA1_Channel9_IRQHandler
                0x080015a0                SPI1_IRQHandler
                0x080015a0                SAI1_B_IRQHandler
                0x080015a0                GPDMA1_Channel2_IRQHandler
                0x080015a0                I3C1_WKUP_IRQHandler
                0x080015a0                PKA_IRQHandler
                0x080015a0                HPDMA1_Channel2_IRQHandler
                0x080015a0                EXTI15_IRQHandler
                0x080015a0                TIM17_IRQHandler
                0x080015a0                USART3_IRQHandler
                0x080015a0                HPDMA1_Channel6_IRQHandler
                0x080015a0                CRYP_IRQHandler
                0x080015a0                RTC_IRQHandler
                0x080015a0                XSPI2_IRQHandler
                0x080015a0                EXTI9_IRQHandler
                0x080015a0                HPDMA1_Channel0_IRQHandler
                0x080015a0                LPTIM5_IRQHandler
                0x080015a0                HPDMA1_Channel1_IRQHandler
                0x080015a0                UART5_IRQHandler
                0x080015a0                TIM4_IRQHandler
                0x080015a0                I2C1_EV_IRQHandler
                0x080015a0                GPDMA1_Channel12_IRQHandler
                0x080015a0                HPDMA1_Channel7_IRQHandler
                0x080015a0                TIM16_IRQHandler
                0x080015a0                GPDMA1_Channel15_IRQHandler
                0x080015a0                UART4_IRQHandler
                0x080015a0                TIM3_IRQHandler
                0x080015a0                RCC_IRQHandler
                0x080015a0                TIM1_TRG_COM_IRQHandler
                0x080015a0                SAI2_B_IRQHandler
                0x080015a0                Default_Handler
                0x080015a0                GPDMA1_Channel8_IRQHandler
                0x080015a0                HPDMA1_Channel8_IRQHandler
                0x080015a0                CEC_IRQHandler
                0x080015a0                TIM14_IRQHandler
                0x080015a0                TIM13_IRQHandler
                0x080015a0                GPDMA1_Channel11_IRQHandler
                0x080015a0                SPI5_IRQHandler
                0x080015a0                TIM12_IRQHandler
                0x080015a0                TIM7_IRQHandler
                0x080015a0                HPDMA1_Channel10_IRQHandler
                0x080015a0                SDMMC1_IRQHandler
                0x080015a0                SAES_IRQHandler
                0x080015a0                TIM5_IRQHandler
                0x080015a0                UCPD1_IRQHandler
                0x080015a0                I3C1_EV_IRQHandler
                0x080015a0                HPDMA1_Channel5_IRQHandler
                0x080015a0                TIM15_IRQHandler
                0x080015a0                I2C3_EV_IRQHandler
                0x080015a0                HPDMA1_Channel4_IRQHandler
                0x080015a0                HPDMA1_Channel15_IRQHandler
                0x080015a0                TIM9_IRQHandler
                0x080015a0                SPDIF_RX_IRQHandler
                0x080015a0                PVD_PVM_IRQHandler
                0x080015a0                SPI2_IRQHandler
                0x080015a0                HPDMA1_Channel11_IRQHandler
                0x080015a0                EXTI14_IRQHandler
                0x080015a0                EXTI11_IRQHandler
                0x080015a0                CRS_IRQHandler
                0x080015a0                GPDMA1_Channel14_IRQHandler
                0x080015a0                EXTI4_IRQHandler
                0x080015a0                GPDMA1_Channel13_IRQHandler
                0x080015a0                RNG_IRQHandler
                0x080015a0                FDCAN2_IT1_IRQHandler
                0x080015a0                ETH_IRQHandler
                0x080015a0                TIM1_UP_IRQHandler
                0x080015a0                WWDG_IRQHandler
                0x080015a0                SPI6_IRQHandler
                0x080015a0                MDIOS_IRQHandler
                0x080015a0                FDCAN2_IT0_IRQHandler
                0x080015a0                IWDG_IRQHandler
                0x080015a0                HPDMA1_Channel14_IRQHandler
                0x080015a0                LPUART1_IRQHandler
                0x080015a0                FDCAN1_IT0_IRQHandler
                0x080015a0                TIM2_IRQHandler
                0x080015a0                PSSI_IRQHandler
                0x080015a0                MCE3_IRQHandler
                0x080015a0                GPDMA1_Channel4_IRQHandler
                0x080015a0                EXTI7_IRQHandler
                0x080015a0                DMA2D_IRQHandler
                0x080015a0                TIM1_BRK_IRQHandler
                0x080015a0                EXTI1_IRQHandler
                0x080015a0                SDMMC2_IRQHandler
                0x080015a0                UART7_IRQHandler
                0x080015a0                DTS_IRQHandler
                0x080015a0                USART2_IRQHandler
                0x080015a0                GPDMA1_Channel6_IRQHandler
                0x080015a0                ADF1_FLT0_IRQHandler
                0x080015a0                RAMECC_IRQHandler
                0x080015a0                I2C2_ER_IRQHandler
                0x080015a0                MCE1_IRQHandler
                0x080015a0                HPDMA1_Channel12_IRQHandler
                0x080015a0                FLASH_IRQHandler
                0x080015a0                USART1_IRQHandler
                0x080015a0                EXTI10_IRQHandler
                0x080015a0                OTG_FS_IRQHandler
                0x080015a0                SPI3_IRQHandler
                0x080015a0                WAKEUP_PIN_IRQHandler
                0x080015a0                DCMIPP_IRQHandler
                0x080015a0                I2C1_ER_IRQHandler
                0x080015a0                FMC_IRQHandler
                0x080015a0                EXTI6_IRQHandler
                0x080015a0                LPTIM1_IRQHandler
                0x080015a0                GPDMA1_Channel10_IRQHandler
                0x080015a0                HASH_IRQHandler
 *fill*         0x080015a2        0x2 
 .text.TCPP0203_RegisterBusIO
                0x080015a4       0x84 ./Drivers/BSP/Components/tcpp0203.o
                0x080015a4                TCPP0203_RegisterBusIO
 .text.TCPP0203_Init
                0x08001628       0x6c ./Drivers/BSP/Components/tcpp0203.o
                0x08001628                TCPP0203_Init
 .text.TCPP0203_DeInit
                0x08001694       0x2a ./Drivers/BSP/Components/tcpp0203.o
                0x08001694                TCPP0203_DeInit
 .text.TCPP0203_Reset
                0x080016be       0x38 ./Drivers/BSP/Components/tcpp0203.o
                0x080016be                TCPP0203_Reset
 .text.TCPP0203_SetVConnSwitch
                0x080016f6       0x48 ./Drivers/BSP/Components/tcpp0203.o
                0x080016f6                TCPP0203_SetVConnSwitch
 .text.TCPP0203_SetGateDriverProvider
                0x0800173e       0x64 ./Drivers/BSP/Components/tcpp0203.o
                0x0800173e                TCPP0203_SetGateDriverProvider
 *fill*         0x080017a2        0x2 
 .text.TCPP0203_SetGateDriverConsumer
                0x080017a4       0x70 ./Drivers/BSP/Components/tcpp0203.o
                0x080017a4                TCPP0203_SetGateDriverConsumer
 .text.TCPP0203_SetPowerMode
                0x08001814       0x48 ./Drivers/BSP/Components/tcpp0203.o
                0x08001814                TCPP0203_SetPowerMode
 .text.TCPP0203_SetVBusDischarge
                0x0800185c       0x42 ./Drivers/BSP/Components/tcpp0203.o
                0x0800185c                TCPP0203_SetVBusDischarge
 .text.TCPP0203_SetVConnDischarge
                0x0800189e       0x42 ./Drivers/BSP/Components/tcpp0203.o
                0x0800189e                TCPP0203_SetVConnDischarge
 .text.TCPP0203_GetVConnSwitchAck
                0x080018e0       0x34 ./Drivers/BSP/Components/tcpp0203.o
                0x080018e0                TCPP0203_GetVConnSwitchAck
 .text.TCPP0203_GetGateDriverProviderAck
                0x08001914       0x34 ./Drivers/BSP/Components/tcpp0203.o
                0x08001914                TCPP0203_GetGateDriverProviderAck
 .text.TCPP0203_GetGateDriverConsumerAck
                0x08001948       0x48 ./Drivers/BSP/Components/tcpp0203.o
                0x08001948                TCPP0203_GetGateDriverConsumerAck
 .text.TCPP0203_GetPowerModeAck
                0x08001990       0x34 ./Drivers/BSP/Components/tcpp0203.o
                0x08001990                TCPP0203_GetPowerModeAck
 .text.TCPP0203_GetVBusDischargeAck
                0x080019c4       0x34 ./Drivers/BSP/Components/tcpp0203.o
                0x080019c4                TCPP0203_GetVBusDischargeAck
 .text.TCPP0203_GetVConnDischargeAck
                0x080019f8       0x34 ./Drivers/BSP/Components/tcpp0203.o
                0x080019f8                TCPP0203_GetVConnDischargeAck
 .text.TCPP0203_GetOCPVConnFlag
                0x08001a2c       0x34 ./Drivers/BSP/Components/tcpp0203.o
                0x08001a2c                TCPP0203_GetOCPVConnFlag
 .text.TCPP0203_GetOCPVBusFlag
                0x08001a60       0x34 ./Drivers/BSP/Components/tcpp0203.o
                0x08001a60                TCPP0203_GetOCPVBusFlag
 .text.TCPP0203_GetOVPVBusFlag
                0x08001a94       0x34 ./Drivers/BSP/Components/tcpp0203.o
                0x08001a94                TCPP0203_GetOVPVBusFlag
 .text.TCPP0203_GetOVPCCFlag
                0x08001ac8       0x34 ./Drivers/BSP/Components/tcpp0203.o
                0x08001ac8                TCPP0203_GetOVPCCFlag
 .text.TCPP0203_GetOTPFlag
                0x08001afc       0x34 ./Drivers/BSP/Components/tcpp0203.o
                0x08001afc                TCPP0203_GetOTPFlag
 .text.TCPP0203_GetVBusOkFlag
                0x08001b30       0x34 ./Drivers/BSP/Components/tcpp0203.o
                0x08001b30                TCPP0203_GetVBusOkFlag
 .text.TCPP0203_ReadTCPPType
                0x08001b64       0x34 ./Drivers/BSP/Components/tcpp0203.o
                0x08001b64                TCPP0203_ReadTCPPType
 .text.TCPP0203_ReadVCONNPower
                0x08001b98       0x34 ./Drivers/BSP/Components/tcpp0203.o
                0x08001b98                TCPP0203_ReadVCONNPower
 .text.TCPP0203_WriteCtrlRegister
                0x08001bcc       0x26 ./Drivers/BSP/Components/tcpp0203.o
                0x08001bcc                TCPP0203_WriteCtrlRegister
 .text.TCPP0203_ReadAckRegister
                0x08001bf2       0x26 ./Drivers/BSP/Components/tcpp0203.o
                0x08001bf2                TCPP0203_ReadAckRegister
 .text.TCPP0203_ReadFlagRegister
                0x08001c18       0x26 ./Drivers/BSP/Components/tcpp0203.o
                0x08001c18                TCPP0203_ReadFlagRegister
 .text.TCPP0203_ReadRegWrap
                0x08001c3e       0x36 ./Drivers/BSP/Components/tcpp0203.o
 .text.TCPP0203_WriteRegWrap
                0x08001c74       0x36 ./Drivers/BSP/Components/tcpp0203.o
 .text.TCPP0203_ModifyReg0
                0x08001caa       0x6c ./Drivers/BSP/Components/tcpp0203.o
 .text.tcpp0203_read_reg
                0x08001d16       0x2e ./Drivers/BSP/Components/tcpp0203_reg.o
                0x08001d16                tcpp0203_read_reg
 .text.tcpp0203_write_reg
                0x08001d44       0x2e ./Drivers/BSP/Components/tcpp0203_reg.o
                0x08001d44                tcpp0203_write_reg
 .text.HAL_Init
                0x08001d72       0x30 ./Drivers/STM32H7RSxx_HAL_Driver/stm32h7rsxx_hal.o
                0x08001d72                HAL_Init
 *fill*         0x08001da2        0x2 
 .text.HAL_InitTick
                0x08001da4       0x78 ./Drivers/STM32H7RSxx_HAL_Driver/stm32h7rsxx_hal.o
                0x08001da4                HAL_InitTick
 .text.HAL_IncTick
                0x08001e1c       0x28 ./Drivers/STM32H7RSxx_HAL_Driver/stm32h7rsxx_hal.o
                0x08001e1c                HAL_IncTick
 .text.HAL_GetTick
                0x08001e44       0x18 ./Drivers/STM32H7RSxx_HAL_Driver/stm32h7rsxx_hal.o
                0x08001e44                HAL_GetTick
 .text.HAL_Delay
                0x08001e5c       0x48 ./Drivers/STM32H7RSxx_HAL_Driver/stm32h7rsxx_hal.o
                0x08001e5c                HAL_Delay
 .text.LL_ADC_SetCommonClock
                0x08001ea4       0x26 ./Drivers/STM32H7RSxx_HAL_Driver/stm32h7rsxx_hal_adc.o
 .text.LL_ADC_SetCommonPathInternalCh
                0x08001eca       0x26 ./Drivers/STM32H7RSxx_HAL_Driver/stm32h7rsxx_hal_adc.o
 .text.LL_ADC_GetCommonPathInternalCh
                0x08001ef0       0x1c ./Drivers/STM32H7RSxx_HAL_Driver/stm32h7rsxx_hal_adc.o
 .text.LL_ADC_SetPathInternalChAdd
                0x08001f0c       0x26 ./Drivers/STM32H7RSxx_HAL_Driver/stm32h7rsxx_hal_adc.o
 *fill*         0x08001f32        0x2 
 .text.LL_ADC_SetOffset
                0x08001f34       0x48 ./Drivers/STM32H7RSxx_HAL_Driver/stm32h7rsxx_hal_adc.o
 .text.LL_ADC_GetOffsetChannel
                0x08001f7c       0x2c ./Drivers/STM32H7RSxx_HAL_Driver/stm32h7rsxx_hal_adc.o
 .text.LL_ADC_SetOffsetState
                0x08001fa8       0x36 ./Drivers/STM32H7RSxx_HAL_Driver/stm32h7rsxx_hal_adc.o
 .text.LL_ADC_SetOffsetSign
                0x08001fde       0x36 ./Drivers/STM32H7RSxx_HAL_Driver/stm32h7rsxx_hal_adc.o
 .text.LL_ADC_SetOffsetSaturation
                0x08002014       0x36 ./Drivers/STM32H7RSxx_HAL_Driver/stm32h7rsxx_hal_adc.o
 .text.LL_ADC_SetSamplingTimeCommonConfig
                0x0800204a       0x26 ./Drivers/STM32H7RSxx_HAL_Driver/stm32h7rsxx_hal_adc.o
 .text.LL_ADC_REG_IsTriggerSourceSWStart
                0x08002070       0x26 ./Drivers/STM32H7RSxx_HAL_Driver/stm32h7rsxx_hal_adc.o
 .text.LL_ADC_REG_SetSequencerRanks
                0x08002096       0x58 ./Drivers/STM32H7RSxx_HAL_Driver/stm32h7rsxx_hal_adc.o
 .text.LL_ADC_SetChannelSamplingTime
                0x080020ee       0x56 ./Drivers/STM32H7RSxx_HAL_Driver/stm32h7rsxx_hal_adc.o
 .text.LL_ADC_SetChannelSingleDiff
                0x08002144       0x48 ./Drivers/STM32H7RSxx_HAL_Driver/stm32h7rsxx_hal_adc.o
 .text.LL_ADC_GetMultimode
                0x0800218c       0x1c ./Drivers/STM32H7RSxx_HAL_Driver/stm32h7rsxx_hal_adc.o
 .text.LL_ADC_DisableDeepPowerDown
                0x080021a8       0x24 ./Drivers/STM32H7RSxx_HAL_Driver/stm32h7rsxx_hal_adc.o
 .text.LL_ADC_IsDeepPowerDownEnabled
                0x080021cc       0x28 ./Drivers/STM32H7RSxx_HAL_Driver/stm32h7rsxx_hal_adc.o
 .text.LL_ADC_EnableInternalRegulator
                0x080021f4       0x28 ./Drivers/STM32H7RSxx_HAL_Driver/stm32h7rsxx_hal_adc.o
 .text.LL_ADC_IsInternalRegulatorEnabled
                0x0800221c       0x28 ./Drivers/STM32H7RSxx_HAL_Driver/stm32h7rsxx_hal_adc.o
 .text.LL_ADC_Enable
                0x08002244       0x28 ./Drivers/STM32H7RSxx_HAL_Driver/stm32h7rsxx_hal_adc.o
 .text.LL_ADC_Disable
                0x0800226c       0x28 ./Drivers/STM32H7RSxx_HAL_Driver/stm32h7rsxx_hal_adc.o
 .text.LL_ADC_IsEnabled
                0x08002294       0x26 ./Drivers/STM32H7RSxx_HAL_Driver/stm32h7rsxx_hal_adc.o
 .text.LL_ADC_IsDisableOngoing
                0x080022ba       0x26 ./Drivers/STM32H7RSxx_HAL_Driver/stm32h7rsxx_hal_adc.o
 .text.LL_ADC_REG_StartConversion
                0x080022e0       0x28 ./Drivers/STM32H7RSxx_HAL_Driver/stm32h7rsxx_hal_adc.o
 .text.LL_ADC_REG_IsConversionOngoing
                0x08002308       0x26 ./Drivers/STM32H7RSxx_HAL_Driver/stm32h7rsxx_hal_adc.o
 .text.LL_ADC_INJ_IsConversionOngoing
                0x0800232e       0x26 ./Drivers/STM32H7RSxx_HAL_Driver/stm32h7rsxx_hal_adc.o
 .text.HAL_ADC_Init
                0x08002354      0x2a4 ./Drivers/STM32H7RSxx_HAL_Driver/stm32h7rsxx_hal_adc.o
                0x08002354                HAL_ADC_Init
 .text.HAL_ADC_Start
                0x080025f8      0x174 ./Drivers/STM32H7RSxx_HAL_Driver/stm32h7rsxx_hal_adc.o
                0x080025f8                HAL_ADC_Start
 .text.HAL_ADC_ConvHalfCpltCallback
                0x0800276c       0x14 ./Drivers/STM32H7RSxx_HAL_Driver/stm32h7rsxx_hal_adc.o
                0x0800276c                HAL_ADC_ConvHalfCpltCallback
 .text.HAL_ADC_ErrorCallback
                0x08002780       0x14 ./Drivers/STM32H7RSxx_HAL_Driver/stm32h7rsxx_hal_adc.o
                0x08002780                HAL_ADC_ErrorCallback
 .text.HAL_ADC_ConfigChannel
                0x08002794      0x7fc ./Drivers/STM32H7RSxx_HAL_Driver/stm32h7rsxx_hal_adc.o
                0x08002794                HAL_ADC_ConfigChannel
 .text.ADC_Enable
                0x08002f90      0x10c ./Drivers/STM32H7RSxx_HAL_Driver/stm32h7rsxx_hal_adc.o
                0x08002f90                ADC_Enable
 .text.ADC_Disable
                0x0800309c       0xbe ./Drivers/STM32H7RSxx_HAL_Driver/stm32h7rsxx_hal_adc.o
                0x0800309c                ADC_Disable
 .text.ADC_DMAConvCplt
                0x0800315a       0xd8 ./Drivers/STM32H7RSxx_HAL_Driver/stm32h7rsxx_hal_adc.o
                0x0800315a                ADC_DMAConvCplt
 .text.ADC_DMAHalfConvCplt
                0x08003232       0x1c ./Drivers/STM32H7RSxx_HAL_Driver/stm32h7rsxx_hal_adc.o
                0x08003232                ADC_DMAHalfConvCplt
 .text.ADC_DMAError
                0x0800324e       0x34 ./Drivers/STM32H7RSxx_HAL_Driver/stm32h7rsxx_hal_adc.o
                0x0800324e                ADC_DMAError
 .text.LL_ADC_IsEnabled
                0x08003282       0x26 ./Drivers/STM32H7RSxx_HAL_Driver/stm32h7rsxx_hal_adc_ex.o
 .text.LL_ADC_StartCalibration
                0x080032a8       0x34 ./Drivers/STM32H7RSxx_HAL_Driver/stm32h7rsxx_hal_adc_ex.o
 .text.LL_ADC_IsCalibrationOnGoing
                0x080032dc       0x28 ./Drivers/STM32H7RSxx_HAL_Driver/stm32h7rsxx_hal_adc_ex.o
 .text.LL_ADC_REG_StartConversion
                0x08003304       0x28 ./Drivers/STM32H7RSxx_HAL_Driver/stm32h7rsxx_hal_adc_ex.o
 .text.LL_ADC_REG_IsConversionOngoing
                0x0800332c       0x26 ./Drivers/STM32H7RSxx_HAL_Driver/stm32h7rsxx_hal_adc_ex.o
 *fill*         0x08003352        0x2 
 .text.HAL_ADCEx_Calibration_Start
                0x08003354       0xc4 ./Drivers/STM32H7RSxx_HAL_Driver/stm32h7rsxx_hal_adc_ex.o
                0x08003354                HAL_ADCEx_Calibration_Start
 .text.HAL_ADCEx_MultiModeStart_DMA
                0x08003418      0x228 ./Drivers/STM32H7RSxx_HAL_Driver/stm32h7rsxx_hal_adc_ex.o
                0x08003418                HAL_ADCEx_MultiModeStart_DMA
 .text.HAL_ADCEx_MultiModeConfigChannel
                0x08003640      0x148 ./Drivers/STM32H7RSxx_HAL_Driver/stm32h7rsxx_hal_adc_ex.o
                0x08003640                HAL_ADCEx_MultiModeConfigChannel
 .text.__NVIC_SetPriorityGrouping
                0x08003788       0x48 ./Drivers/STM32H7RSxx_HAL_Driver/stm32h7rsxx_hal_cortex.o
 .text.__NVIC_GetPriorityGrouping
                0x080037d0       0x1c ./Drivers/STM32H7RSxx_HAL_Driver/stm32h7rsxx_hal_cortex.o
 .text.__NVIC_EnableIRQ
                0x080037ec       0x3c ./Drivers/STM32H7RSxx_HAL_Driver/stm32h7rsxx_hal_cortex.o
 .text.__NVIC_SetPriority
                0x08003828       0x54 ./Drivers/STM32H7RSxx_HAL_Driver/stm32h7rsxx_hal_cortex.o
 .text.NVIC_EncodePriority
                0x0800387c       0x66 ./Drivers/STM32H7RSxx_HAL_Driver/stm32h7rsxx_hal_cortex.o
 *fill*         0x080038e2        0x2 
 .text.SysTick_Config
                0x080038e4       0x44 ./Drivers/STM32H7RSxx_HAL_Driver/stm32h7rsxx_hal_cortex.o
 .text.HAL_NVIC_SetPriorityGrouping
                0x08003928       0x16 ./Drivers/STM32H7RSxx_HAL_Driver/stm32h7rsxx_hal_cortex.o
                0x08003928                HAL_NVIC_SetPriorityGrouping
 .text.HAL_NVIC_SetPriority
                0x0800393e       0x34 ./Drivers/STM32H7RSxx_HAL_Driver/stm32h7rsxx_hal_cortex.o
                0x0800393e                HAL_NVIC_SetPriority
 .text.HAL_NVIC_EnableIRQ
                0x08003972       0x1c ./Drivers/STM32H7RSxx_HAL_Driver/stm32h7rsxx_hal_cortex.o
                0x08003972                HAL_NVIC_EnableIRQ
 .text.HAL_SYSTICK_Config
                0x0800398e       0x18 ./Drivers/STM32H7RSxx_HAL_Driver/stm32h7rsxx_hal_cortex.o
                0x0800398e                HAL_SYSTICK_Config
 .text.HAL_DMA_Start_IT
                0x080039a6       0xc0 ./Drivers/STM32H7RSxx_HAL_Driver/stm32h7rsxx_hal_dma.o
                0x080039a6                HAL_DMA_Start_IT
 *fill*         0x08003a66        0x2 
 .text.HAL_DMA_IRQHandler
                0x08003a68      0x2c4 ./Drivers/STM32H7RSxx_HAL_Driver/stm32h7rsxx_hal_dma.o
                0x08003a68                HAL_DMA_IRQHandler
 .text.HAL_DMA_ConfigChannelAttributes
                0x08003d2c       0x80 ./Drivers/STM32H7RSxx_HAL_Driver/stm32h7rsxx_hal_dma.o
                0x08003d2c                HAL_DMA_ConfigChannelAttributes
 .text.DMA_SetConfig
                0x08003dac       0x50 ./Drivers/STM32H7RSxx_HAL_Driver/stm32h7rsxx_hal_dma.o
 .text.HAL_DMAEx_List_Init
                0x08003dfc      0x258 ./Drivers/STM32H7RSxx_HAL_Driver/stm32h7rsxx_hal_dma_ex.o
                0x08003dfc                HAL_DMAEx_List_Init
 .text.HAL_DMAEx_List_Start_IT
                0x08004054      0x12c ./Drivers/STM32H7RSxx_HAL_Driver/stm32h7rsxx_hal_dma_ex.o
                0x08004054                HAL_DMAEx_List_Start_IT
 .text.HAL_DMAEx_List_BuildNode
                0x08004180       0x2c ./Drivers/STM32H7RSxx_HAL_Driver/stm32h7rsxx_hal_dma_ex.o
                0x08004180                HAL_DMAEx_List_BuildNode
 .text.HAL_DMAEx_List_GetNodeConfig
                0x080041ac       0x2c ./Drivers/STM32H7RSxx_HAL_Driver/stm32h7rsxx_hal_dma_ex.o
                0x080041ac                HAL_DMAEx_List_GetNodeConfig
 .text.HAL_DMAEx_List_InsertNode
                0x080041d8      0x192 ./Drivers/STM32H7RSxx_HAL_Driver/stm32h7rsxx_hal_dma_ex.o
                0x080041d8                HAL_DMAEx_List_InsertNode
 .text.HAL_DMAEx_List_SetCircularMode
                0x0800436a       0xc0 ./Drivers/STM32H7RSxx_HAL_Driver/stm32h7rsxx_hal_dma_ex.o
                0x0800436a                HAL_DMAEx_List_SetCircularMode
 *fill*         0x0800442a        0x2 
 .text.HAL_DMAEx_List_LinkQ
                0x0800442c      0x12c ./Drivers/STM32H7RSxx_HAL_Driver/stm32h7rsxx_hal_dma_ex.o
                0x0800442c                HAL_DMAEx_List_LinkQ
 .text.DMA_List_Init
                0x08004558      0x2b0 ./Drivers/STM32H7RSxx_HAL_Driver/stm32h7rsxx_hal_dma_ex.o
 .text.DMA_List_BuildNode
                0x08004808      0x2b0 ./Drivers/STM32H7RSxx_HAL_Driver/stm32h7rsxx_hal_dma_ex.o
 .text.DMA_List_GetNodeConfig
                0x08004ab8      0x214 ./Drivers/STM32H7RSxx_HAL_Driver/stm32h7rsxx_hal_dma_ex.o
 .text.DMA_List_CheckNodesBaseAddresses
                0x08004ccc       0x64 ./Drivers/STM32H7RSxx_HAL_Driver/stm32h7rsxx_hal_dma_ex.o
 .text.DMA_List_CheckNodesTypes
                0x08004d30       0x78 ./Drivers/STM32H7RSxx_HAL_Driver/stm32h7rsxx_hal_dma_ex.o
 .text.DMA_List_GetCLLRNodeInfo
                0x08004da8       0x60 ./Drivers/STM32H7RSxx_HAL_Driver/stm32h7rsxx_hal_dma_ex.o
 .text.DMA_List_FindNode
                0x08004e08      0x14c ./Drivers/STM32H7RSxx_HAL_Driver/stm32h7rsxx_hal_dma_ex.o
 .text.HAL_GPIO_Init
                0x08004f54      0x2ac ./Drivers/STM32H7RSxx_HAL_Driver/stm32h7rsxx_hal_gpio.o
                0x08004f54                HAL_GPIO_Init
 .text.HAL_GPIO_DeInit
                0x08005200      0x188 ./Drivers/STM32H7RSxx_HAL_Driver/stm32h7rsxx_hal_gpio.o
                0x08005200                HAL_GPIO_DeInit
 .text.HAL_GPIO_WritePin
                0x08005388       0x30 ./Drivers/STM32H7RSxx_HAL_Driver/stm32h7rsxx_hal_gpio.o
                0x08005388                HAL_GPIO_WritePin
 .text.HAL_HCD_Init
                0x080053b8       0xd4 ./Drivers/STM32H7RSxx_HAL_Driver/stm32h7rsxx_hal_hcd.o
                0x080053b8                HAL_HCD_Init
 .text.HAL_HCD_HC_Init
                0x0800548c      0x170 ./Drivers/STM32H7RSxx_HAL_Driver/stm32h7rsxx_hal_hcd.o
                0x0800548c                HAL_HCD_HC_Init
 .text.HAL_HCD_HC_Halt
                0x080055fc       0x46 ./Drivers/STM32H7RSxx_HAL_Driver/stm32h7rsxx_hal_hcd.o
                0x080055fc                HAL_HCD_HC_Halt
 *fill*         0x08005642        0x2 
 .text.HAL_HCD_HC_SubmitRequest
                0x08005644      0x33c ./Drivers/STM32H7RSxx_HAL_Driver/stm32h7rsxx_hal_hcd.o
                0x08005644                HAL_HCD_HC_SubmitRequest
 .text.HAL_HCD_IRQHandler
                0x08005980      0x220 ./Drivers/STM32H7RSxx_HAL_Driver/stm32h7rsxx_hal_hcd.o
                0x08005980                HAL_HCD_IRQHandler
 .text.HAL_HCD_Start
                0x08005ba0       0x46 ./Drivers/STM32H7RSxx_HAL_Driver/stm32h7rsxx_hal_hcd.o
                0x08005ba0                HAL_HCD_Start
 .text.HAL_HCD_Stop
                0x08005be6       0x3a ./Drivers/STM32H7RSxx_HAL_Driver/stm32h7rsxx_hal_hcd.o
                0x08005be6                HAL_HCD_Stop
 .text.HAL_HCD_ResetPort
                0x08005c20       0x1c ./Drivers/STM32H7RSxx_HAL_Driver/stm32h7rsxx_hal_hcd.o
                0x08005c20                HAL_HCD_ResetPort
 .text.HAL_HCD_HC_GetURBState
                0x08005c3c       0x2a ./Drivers/STM32H7RSxx_HAL_Driver/stm32h7rsxx_hal_hcd.o
                0x08005c3c                HAL_HCD_HC_GetURBState
 .text.HAL_HCD_HC_GetXferCount
                0x08005c66       0x2a ./Drivers/STM32H7RSxx_HAL_Driver/stm32h7rsxx_hal_hcd.o
                0x08005c66                HAL_HCD_HC_GetXferCount
 .text.HAL_HCD_GetCurrentFrame
                0x08005c90       0x1c ./Drivers/STM32H7RSxx_HAL_Driver/stm32h7rsxx_hal_hcd.o
                0x08005c90                HAL_HCD_GetCurrentFrame
 .text.HAL_HCD_GetCurrentSpeed
                0x08005cac       0x1c ./Drivers/STM32H7RSxx_HAL_Driver/stm32h7rsxx_hal_hcd.o
                0x08005cac                HAL_HCD_GetCurrentSpeed
 .text.HAL_HCD_HC_ClearHubInfo
                0x08005cc8       0x6a ./Drivers/STM32H7RSxx_HAL_Driver/stm32h7rsxx_hal_hcd.o
                0x08005cc8                HAL_HCD_HC_ClearHubInfo
 .text.HCD_HC_IN_IRQHandler
                0x08005d32      0xcd2 ./Drivers/STM32H7RSxx_HAL_Driver/stm32h7rsxx_hal_hcd.o
 .text.HCD_HC_OUT_IRQHandler
                0x08006a04      0x94a ./Drivers/STM32H7RSxx_HAL_Driver/stm32h7rsxx_hal_hcd.o
 .text.HCD_RXQLVL_IRQHandler
                0x0800734e      0x1be ./Drivers/STM32H7RSxx_HAL_Driver/stm32h7rsxx_hal_hcd.o
 .text.HCD_Port_IRQHandler
                0x0800750c       0xe6 ./Drivers/STM32H7RSxx_HAL_Driver/stm32h7rsxx_hal_hcd.o
 *fill*         0x080075f2        0x2 
 .text.HAL_I2C_Init
                0x080075f4      0x138 ./Drivers/STM32H7RSxx_HAL_Driver/stm32h7rsxx_hal_i2c.o
                0x080075f4                HAL_I2C_Init
 .text.HAL_I2C_DeInit
                0x0800772c       0x5e ./Drivers/STM32H7RSxx_HAL_Driver/stm32h7rsxx_hal_i2c.o
                0x0800772c                HAL_I2C_DeInit
 .text.HAL_I2C_MspInit
                0x0800778a       0x14 ./Drivers/STM32H7RSxx_HAL_Driver/stm32h7rsxx_hal_i2c.o
                0x0800778a                HAL_I2C_MspInit
 .text.HAL_I2C_MspDeInit
                0x0800779e       0x14 ./Drivers/STM32H7RSxx_HAL_Driver/stm32h7rsxx_hal_i2c.o
                0x0800779e                HAL_I2C_MspDeInit
 *fill*         0x080077b2        0x2 
 .text.HAL_I2C_Mem_Write
                0x080077b4      0x228 ./Drivers/STM32H7RSxx_HAL_Driver/stm32h7rsxx_hal_i2c.o
                0x080077b4                HAL_I2C_Mem_Write
 .text.HAL_I2C_Mem_Read
                0x080079dc      0x234 ./Drivers/STM32H7RSxx_HAL_Driver/stm32h7rsxx_hal_i2c.o
                0x080079dc                HAL_I2C_Mem_Read
 .text.HAL_I2C_GetState
                0x08007c10       0x1c ./Drivers/STM32H7RSxx_HAL_Driver/stm32h7rsxx_hal_i2c.o
                0x08007c10                HAL_I2C_GetState
 .text.HAL_I2C_GetError
                0x08007c2c       0x18 ./Drivers/STM32H7RSxx_HAL_Driver/stm32h7rsxx_hal_i2c.o
                0x08007c2c                HAL_I2C_GetError
 .text.I2C_RequestMemoryWrite
                0x08007c44       0xa8 ./Drivers/STM32H7RSxx_HAL_Driver/stm32h7rsxx_hal_i2c.o
 .text.I2C_RequestMemoryRead
                0x08007cec       0xa8 ./Drivers/STM32H7RSxx_HAL_Driver/stm32h7rsxx_hal_i2c.o
 .text.I2C_Flush_TXDR
                0x08007d94       0x48 ./Drivers/STM32H7RSxx_HAL_Driver/stm32h7rsxx_hal_i2c.o
 .text.I2C_WaitOnFlagUntilTimeout
                0x08007ddc       0xb2 ./Drivers/STM32H7RSxx_HAL_Driver/stm32h7rsxx_hal_i2c.o
 .text.I2C_WaitOnTXISFlagUntilTimeout
                0x08007e8e       0x8e ./Drivers/STM32H7RSxx_HAL_Driver/stm32h7rsxx_hal_i2c.o
 .text.I2C_WaitOnSTOPFlagUntilTimeout
                0x08007f1c       0x86 ./Drivers/STM32H7RSxx_HAL_Driver/stm32h7rsxx_hal_i2c.o
 *fill*         0x08007fa2        0x2 
 .text.I2C_IsErrorOccurred
                0x08007fa4      0x1c0 ./Drivers/STM32H7RSxx_HAL_Driver/stm32h7rsxx_hal_i2c.o
 .text.I2C_TransferConfig
                0x08008164       0x64 ./Drivers/STM32H7RSxx_HAL_Driver/stm32h7rsxx_hal_i2c.o
 .text.HAL_I2CEx_ConfigAnalogFilter
                0x080081c8       0x96 ./Drivers/STM32H7RSxx_HAL_Driver/stm32h7rsxx_hal_i2c_ex.o
                0x080081c8                HAL_I2CEx_ConfigAnalogFilter
 .text.HAL_I2CEx_ConfigDigitalFilter
                0x0800825e       0x98 ./Drivers/STM32H7RSxx_HAL_Driver/stm32h7rsxx_hal_i2c_ex.o
                0x0800825e                HAL_I2CEx_ConfigDigitalFilter
 *fill*         0x080082f6        0x2 
 .text.HAL_PWREx_EnableUSBVoltageDetector
                0x080082f8       0x48 ./Drivers/STM32H7RSxx_HAL_Driver/stm32h7rsxx_hal_pwr_ex.o
                0x080082f8                HAL_PWREx_EnableUSBVoltageDetector
 .text.HAL_RCC_GetSysClockFreq
                0x08008340      0x2cc ./Drivers/STM32H7RSxx_HAL_Driver/stm32h7rsxx_hal_rcc.o
                0x08008340                HAL_RCC_GetSysClockFreq
 .text.HAL_RCC_GetHCLKFreq
                0x0800860c       0x50 ./Drivers/STM32H7RSxx_HAL_Driver/stm32h7rsxx_hal_rcc.o
                0x0800860c                HAL_RCC_GetHCLKFreq
 .text.HAL_RCC_GetPCLK1Freq
                0x0800865c       0x38 ./Drivers/STM32H7RSxx_HAL_Driver/stm32h7rsxx_hal_rcc.o
                0x0800865c                HAL_RCC_GetPCLK1Freq
 .text.HAL_RCC_GetPCLK2Freq
                0x08008694       0x38 ./Drivers/STM32H7RSxx_HAL_Driver/stm32h7rsxx_hal_rcc.o
                0x08008694                HAL_RCC_GetPCLK2Freq
 .text.HAL_RCC_GetPCLK4Freq
                0x080086cc       0x38 ./Drivers/STM32H7RSxx_HAL_Driver/stm32h7rsxx_hal_rcc.o
                0x080086cc                HAL_RCC_GetPCLK4Freq
 .text.HAL_RCC_GetPLL2QFreq
                0x08008704       0x2c ./Drivers/STM32H7RSxx_HAL_Driver/stm32h7rsxx_hal_rcc.o
                0x08008704                HAL_RCC_GetPLL2QFreq
 .text.HAL_RCC_GetPLL3QFreq
                0x08008730       0x2c ./Drivers/STM32H7RSxx_HAL_Driver/stm32h7rsxx_hal_rcc.o
                0x08008730                HAL_RCC_GetPLL3QFreq
 .text.RCC_PLL2_GetVCOOutputFreq
                0x0800875c      0x10c ./Drivers/STM32H7RSxx_HAL_Driver/stm32h7rsxx_hal_rcc.o
 .text.RCC_PLL3_GetVCOOutputFreq
                0x08008868      0x10c ./Drivers/STM32H7RSxx_HAL_Driver/stm32h7rsxx_hal_rcc.o
 .text.HAL_RCCEx_PeriphCLKConfig
                0x08008974      0xe08 ./Drivers/STM32H7RSxx_HAL_Driver/stm32h7rsxx_hal_rcc_ex.o
                0x08008974                HAL_RCCEx_PeriphCLKConfig
 .text.HAL_TIM_Base_Start_IT
                0x0800977c       0xec ./Drivers/STM32H7RSxx_HAL_Driver/stm32h7rsxx_hal_tim.o
                0x0800977c                HAL_TIM_Base_Start_IT
 .text.HAL_TIM_Base_Stop_IT
                0x08009868       0x5e ./Drivers/STM32H7RSxx_HAL_Driver/stm32h7rsxx_hal_tim.o
                0x08009868                HAL_TIM_Base_Stop_IT
 .text.HAL_UART_Init
                0x080098c6       0xa0 ./Drivers/STM32H7RSxx_HAL_Driver/stm32h7rsxx_hal_uart.o
                0x080098c6                HAL_UART_Init
 *fill*         0x08009966        0x2 
 .text.UART_SetConfig
                0x08009968      0x72c ./Drivers/STM32H7RSxx_HAL_Driver/stm32h7rsxx_hal_uart.o
                0x08009968                UART_SetConfig
 .text.UART_AdvFeatureConfig
                0x0800a094      0x144 ./Drivers/STM32H7RSxx_HAL_Driver/stm32h7rsxx_hal_uart.o
                0x0800a094                UART_AdvFeatureConfig
 .text.UART_CheckIdleState
                0x0800a1d8      0x154 ./Drivers/STM32H7RSxx_HAL_Driver/stm32h7rsxx_hal_uart.o
                0x0800a1d8                UART_CheckIdleState
 .text.UART_WaitOnFlagUntilTimeout
                0x0800a32c       0xda ./Drivers/STM32H7RSxx_HAL_Driver/stm32h7rsxx_hal_uart.o
                0x0800a32c                UART_WaitOnFlagUntilTimeout
 *fill*         0x0800a406        0x2 
 .text.UART_EndRxTransfer
                0x0800a408       0xcc ./Drivers/STM32H7RSxx_HAL_Driver/stm32h7rsxx_hal_uart.o
 .text.HAL_UARTEx_DisableFifoMode
                0x0800a4d4       0x72 ./Drivers/STM32H7RSxx_HAL_Driver/stm32h7rsxx_hal_uart_ex.o
                0x0800a4d4                HAL_UARTEx_DisableFifoMode
 .text.HAL_UARTEx_SetTxFifoThreshold
                0x0800a546       0x7c ./Drivers/STM32H7RSxx_HAL_Driver/stm32h7rsxx_hal_uart_ex.o
                0x0800a546                HAL_UARTEx_SetTxFifoThreshold
 .text.HAL_UARTEx_SetRxFifoThreshold
                0x0800a5c2       0x7c ./Drivers/STM32H7RSxx_HAL_Driver/stm32h7rsxx_hal_uart_ex.o
                0x0800a5c2                HAL_UARTEx_SetRxFifoThreshold
 *fill*         0x0800a63e        0x2 
 .text.UARTEx_SetNbDataToProcess
                0x0800a640       0x9c ./Drivers/STM32H7RSxx_HAL_Driver/stm32h7rsxx_hal_uart_ex.o
 .text.USB_CoreInit
                0x0800a6dc       0xa4 ./Drivers/STM32H7RSxx_HAL_Driver/stm32h7rsxx_ll_usb.o
                0x0800a6dc                USB_CoreInit
 .text.USB_EnableGlobalInt
                0x0800a780       0x22 ./Drivers/STM32H7RSxx_HAL_Driver/stm32h7rsxx_ll_usb.o
                0x0800a780                USB_EnableGlobalInt
 .text.USB_DisableGlobalInt
                0x0800a7a2       0x22 ./Drivers/STM32H7RSxx_HAL_Driver/stm32h7rsxx_ll_usb.o
                0x0800a7a2                USB_DisableGlobalInt
 .text.USB_SetCurrentMode
                0x0800a7c4       0x98 ./Drivers/STM32H7RSxx_HAL_Driver/stm32h7rsxx_ll_usb.o
                0x0800a7c4                USB_SetCurrentMode
 .text.USB_FlushTxFifo
                0x0800a85c       0x64 ./Drivers/STM32H7RSxx_HAL_Driver/stm32h7rsxx_ll_usb.o
                0x0800a85c                USB_FlushTxFifo
 .text.USB_FlushRxFifo
                0x0800a8c0       0x5c ./Drivers/STM32H7RSxx_HAL_Driver/stm32h7rsxx_ll_usb.o
                0x0800a8c0                USB_FlushRxFifo
 .text.USB_WritePacket
                0x0800a91c       0x7c ./Drivers/STM32H7RSxx_HAL_Driver/stm32h7rsxx_ll_usb.o
                0x0800a91c                USB_WritePacket
 .text.USB_ReadPacket
                0x0800a998       0xb0 ./Drivers/STM32H7RSxx_HAL_Driver/stm32h7rsxx_ll_usb.o
                0x0800a998                USB_ReadPacket
 .text.USB_ReadInterrupts
                0x0800aa48       0x26 ./Drivers/STM32H7RSxx_HAL_Driver/stm32h7rsxx_ll_usb.o
                0x0800aa48                USB_ReadInterrupts
 .text.USB_ReadChInterrupts
                0x0800aa6e       0x42 ./Drivers/STM32H7RSxx_HAL_Driver/stm32h7rsxx_ll_usb.o
                0x0800aa6e                USB_ReadChInterrupts
 .text.USB_GetMode
                0x0800aab0       0x1c ./Drivers/STM32H7RSxx_HAL_Driver/stm32h7rsxx_ll_usb.o
                0x0800aab0                USB_GetMode
 .text.USB_CoreReset
                0x0800aacc       0x62 ./Drivers/STM32H7RSxx_HAL_Driver/stm32h7rsxx_ll_usb.o
 *fill*         0x0800ab2e        0x2 
 .text.USB_HostInit
                0x0800ab30      0x1d4 ./Drivers/STM32H7RSxx_HAL_Driver/stm32h7rsxx_ll_usb.o
                0x0800ab30                USB_HostInit
 .text.USB_InitFSLSPClkSel
                0x0800ad04       0x7a ./Drivers/STM32H7RSxx_HAL_Driver/stm32h7rsxx_ll_usb.o
                0x0800ad04                USB_InitFSLSPClkSel
 .text.USB_ResetPort
                0x0800ad7e       0x54 ./Drivers/STM32H7RSxx_HAL_Driver/stm32h7rsxx_ll_usb.o
                0x0800ad7e                USB_ResetPort
 .text.USB_DriveVbus
                0x0800add2       0x72 ./Drivers/STM32H7RSxx_HAL_Driver/stm32h7rsxx_ll_usb.o
                0x0800add2                USB_DriveVbus
 .text.USB_GetHostSpeed
                0x0800ae44       0x2e ./Drivers/STM32H7RSxx_HAL_Driver/stm32h7rsxx_ll_usb.o
                0x0800ae44                USB_GetHostSpeed
 .text.USB_GetCurrentFrame
                0x0800ae72       0x22 ./Drivers/STM32H7RSxx_HAL_Driver/stm32h7rsxx_ll_usb.o
                0x0800ae72                USB_GetCurrentFrame
 .text.USB_HC_Init
                0x0800ae94      0x258 ./Drivers/STM32H7RSxx_HAL_Driver/stm32h7rsxx_ll_usb.o
                0x0800ae94                USB_HC_Init
 .text.USB_HC_StartXfer
                0x0800b0ec      0x4f4 ./Drivers/STM32H7RSxx_HAL_Driver/stm32h7rsxx_ll_usb.o
                0x0800b0ec                USB_HC_StartXfer
 .text.USB_HC_ReadInterrupt
                0x0800b5e0       0x22 ./Drivers/STM32H7RSxx_HAL_Driver/stm32h7rsxx_ll_usb.o
                0x0800b5e0                USB_HC_ReadInterrupt
 .text.USB_HC_Halt
                0x0800b602      0x240 ./Drivers/STM32H7RSxx_HAL_Driver/stm32h7rsxx_ll_usb.o
                0x0800b602                USB_HC_Halt
 *fill*         0x0800b842        0x2 
 .text.USB_DoPing
                0x0800b844       0x78 ./Drivers/STM32H7RSxx_HAL_Driver/stm32h7rsxx_ll_usb.o
                0x0800b844                USB_DoPing
 .text.USB_StopHost
                0x0800b8bc      0x124 ./Drivers/STM32H7RSxx_HAL_Driver/stm32h7rsxx_ll_usb.o
                0x0800b8bc                USB_StopHost
 .text.USBH_CDC_InterfaceInit
                0x0800b9e0      0x2ac ./Middlewares/ST/STM32_USB_Host_Library/usbh_cdc.o
 .text.USBH_CDC_InterfaceDeInit
                0x0800bc8c       0xb2 ./Middlewares/ST/STM32_USB_Host_Library/usbh_cdc.o
 .text.USBH_CDC_ClassRequest
                0x0800bd3e       0x3e ./Middlewares/ST/STM32_USB_Host_Library/usbh_cdc.o
 .text.USBH_CDC_Process
                0x0800bd7c      0x12c ./Middlewares/ST/STM32_USB_Host_Library/usbh_cdc.o
 .text.USBH_CDC_SOFProcess
                0x0800bea8       0x16 ./Middlewares/ST/STM32_USB_Host_Library/usbh_cdc.o
 .text.GetLineCoding
                0x0800bebe       0x3e ./Middlewares/ST/STM32_USB_Host_Library/usbh_cdc.o
 .text.SetLineCoding
                0x0800befc       0x3e ./Middlewares/ST/STM32_USB_Host_Library/usbh_cdc.o
 .text.CDC_ProcessTransmission
                0x0800bf3a       0xec ./Middlewares/ST/STM32_USB_Host_Library/usbh_cdc.o
 .text.CDC_ProcessReception
                0x0800c026       0xb6 ./Middlewares/ST/STM32_USB_Host_Library/usbh_cdc.o
 .text.USBH_CDC_TransmitCallback
                0x0800c0dc       0x14 ./Middlewares/ST/STM32_USB_Host_Library/usbh_cdc.o
                0x0800c0dc                USBH_CDC_TransmitCallback
 .text.USBH_CDC_ReceiveCallback
                0x0800c0f0       0x14 ./Middlewares/ST/STM32_USB_Host_Library/usbh_cdc.o
                0x0800c0f0                USBH_CDC_ReceiveCallback
 .text.USBH_CDC_LineCodingChanged
                0x0800c104       0x14 ./Middlewares/ST/STM32_USB_Host_Library/usbh_cdc.o
                0x0800c104                USBH_CDC_LineCodingChanged
 .text.USBH_Init
                0x0800c118       0x74 ./Middlewares/ST/STM32_USB_Host_Library/usbh_core.o
                0x0800c118                USBH_Init
 .text.DeInitStateMachine
                0x0800c18c       0xe6 ./Middlewares/ST/STM32_USB_Host_Library/usbh_core.o
 .text.USBH_RegisterClass
                0x0800c272       0x54 ./Middlewares/ST/STM32_USB_Host_Library/usbh_core.o
                0x0800c272                USBH_RegisterClass
 .text.USBH_SelectInterface
                0x0800c2c6       0x38 ./Middlewares/ST/STM32_USB_Host_Library/usbh_core.o
                0x0800c2c6                USBH_SelectInterface
 .text.USBH_FindInterface
                0x0800c2fe       0x8c ./Middlewares/ST/STM32_USB_Host_Library/usbh_core.o
                0x0800c2fe                USBH_FindInterface
 .text.USBH_Start
                0x0800c38a       0x20 ./Middlewares/ST/STM32_USB_Host_Library/usbh_core.o
                0x0800c38a                USBH_Start
 *fill*         0x0800c3aa        0x2 
 .text.USBH_Process
                0x0800c3ac      0x3d0 ./Middlewares/ST/STM32_USB_Host_Library/usbh_core.o
                0x0800c3ac                USBH_Process
 .text.USBH_HandleEnum
                0x0800c77c      0x3c0 ./Middlewares/ST/STM32_USB_Host_Library/usbh_core.o
 .text.USBH_LL_SetTimer
                0x0800cb3c       0x1e ./Middlewares/ST/STM32_USB_Host_Library/usbh_core.o
                0x0800cb3c                USBH_LL_SetTimer
 .text.USBH_LL_IncTimer
                0x0800cb5a       0x24 ./Middlewares/ST/STM32_USB_Host_Library/usbh_core.o
                0x0800cb5a                USBH_LL_IncTimer
 .text.USBH_HandleSof
                0x0800cb7e       0x30 ./Middlewares/ST/STM32_USB_Host_Library/usbh_core.o
 .text.USBH_LL_PortEnabled
                0x0800cbae       0x1c ./Middlewares/ST/STM32_USB_Host_Library/usbh_core.o
                0x0800cbae                USBH_LL_PortEnabled
 .text.USBH_LL_PortDisabled
                0x0800cbca       0x1c ./Middlewares/ST/STM32_USB_Host_Library/usbh_core.o
                0x0800cbca                USBH_LL_PortDisabled
 .text.USBH_LL_Connect
                0x0800cbe6       0x2e ./Middlewares/ST/STM32_USB_Host_Library/usbh_core.o
                0x0800cbe6                USBH_LL_Connect
 .text.USBH_LL_Disconnect
                0x0800cc14       0x48 ./Middlewares/ST/STM32_USB_Host_Library/usbh_core.o
                0x0800cc14                USBH_LL_Disconnect
 .text.USBH_Get_DevDesc
                0x0800cc5c       0x58 ./Middlewares/ST/STM32_USB_Host_Library/usbh_ctlreq.o
                0x0800cc5c                USBH_Get_DevDesc
 .text.USBH_Get_CfgDesc
                0x0800ccb4       0x54 ./Middlewares/ST/STM32_USB_Host_Library/usbh_ctlreq.o
                0x0800ccb4                USBH_Get_CfgDesc
 .text.USBH_Get_StringDesc
                0x0800cd08       0x68 ./Middlewares/ST/STM32_USB_Host_Library/usbh_ctlreq.o
                0x0800cd08                USBH_Get_StringDesc
 .text.USBH_GetDescriptor
                0x0800cd70       0x6a ./Middlewares/ST/STM32_USB_Host_Library/usbh_ctlreq.o
                0x0800cd70                USBH_GetDescriptor
 .text.USBH_SetAddress
                0x0800cdda       0x48 ./Middlewares/ST/STM32_USB_Host_Library/usbh_ctlreq.o
                0x0800cdda                USBH_SetAddress
 .text.USBH_SetCfg
                0x0800ce22       0x46 ./Middlewares/ST/STM32_USB_Host_Library/usbh_ctlreq.o
                0x0800ce22                USBH_SetCfg
 .text.USBH_SetFeature
                0x0800ce68       0x48 ./Middlewares/ST/STM32_USB_Host_Library/usbh_ctlreq.o
                0x0800ce68                USBH_SetFeature
 .text.USBH_ClrFeature
                0x0800ceb0       0x48 ./Middlewares/ST/STM32_USB_Host_Library/usbh_ctlreq.o
                0x0800ceb0                USBH_ClrFeature
 .text.USBH_ParseDevDesc
                0x0800cef8      0x160 ./Middlewares/ST/STM32_USB_Host_Library/usbh_ctlreq.o
 .text.USBH_ParseCfgDesc
                0x0800d058      0x1f0 ./Middlewares/ST/STM32_USB_Host_Library/usbh_ctlreq.o
 .text.USBH_ParseInterfaceDesc
                0x0800d248       0x68 ./Middlewares/ST/STM32_USB_Host_Library/usbh_ctlreq.o
 .text.USBH_ParseEPDesc
                0x0800d2b0      0x1d0 ./Middlewares/ST/STM32_USB_Host_Library/usbh_ctlreq.o
 .text.USBH_ParseStringDesc
                0x0800d480       0x66 ./Middlewares/ST/STM32_USB_Host_Library/usbh_ctlreq.o
 .text.USBH_GetNextDesc
                0x0800d4e6       0x34 ./Middlewares/ST/STM32_USB_Host_Library/usbh_ctlreq.o
                0x0800d4e6                USBH_GetNextDesc
 .text.USBH_CtlReq
                0x0800d51a       0x7a ./Middlewares/ST/STM32_USB_Host_Library/usbh_ctlreq.o
                0x0800d51a                USBH_CtlReq
 .text.USBH_HandleControl
                0x0800d594      0x2e8 ./Middlewares/ST/STM32_USB_Host_Library/usbh_ctlreq.o
 .text.USBH_CtlSendSetup
                0x0800d87c       0x34 ./Middlewares/ST/STM32_USB_Host_Library/usbh_ioreq.o
                0x0800d87c                USBH_CtlSendSetup
 .text.USBH_CtlSendData
                0x0800d8b0       0x4a ./Middlewares/ST/STM32_USB_Host_Library/usbh_ioreq.o
                0x0800d8b0                USBH_CtlSendData
 .text.USBH_CtlReceiveData
                0x0800d8fa       0x3c ./Middlewares/ST/STM32_USB_Host_Library/usbh_ioreq.o
                0x0800d8fa                USBH_CtlReceiveData
 .text.USBH_BulkSendData
                0x0800d936       0x4a ./Middlewares/ST/STM32_USB_Host_Library/usbh_ioreq.o
                0x0800d936                USBH_BulkSendData
 .text.USBH_BulkReceiveData
                0x0800d980       0x3c ./Middlewares/ST/STM32_USB_Host_Library/usbh_ioreq.o
                0x0800d980                USBH_BulkReceiveData
 .text.USBH_OpenPipe
                0x0800d9bc       0x3e ./Middlewares/ST/STM32_USB_Host_Library/usbh_pipes.o
                0x0800d9bc                USBH_OpenPipe
 .text.USBH_ClosePipe
                0x0800d9fa       0x20 ./Middlewares/ST/STM32_USB_Host_Library/usbh_pipes.o
                0x0800d9fa                USBH_ClosePipe
 .text.USBH_AllocPipe
                0x0800da1a       0x42 ./Middlewares/ST/STM32_USB_Host_Library/usbh_pipes.o
                0x0800da1a                USBH_AllocPipe
 .text.USBH_FreePipe
                0x0800da5c       0x3c ./Middlewares/ST/STM32_USB_Host_Library/usbh_pipes.o
                0x0800da5c                USBH_FreePipe
 .text.USBH_GetFreePipe
                0x0800da98       0x48 ./Middlewares/ST/STM32_USB_Host_Library/usbh_pipes.o
 .text.MX_TCPP_Init
                0x0800dae0       0x44 ./TCPP/App/app_tcpp.o
                0x0800dae0                MX_TCPP_Init
 .text.MX_TCPP_Process
                0x0800db24        0xc ./TCPP/App/app_tcpp.o
                0x0800db24                MX_TCPP_Process
 .text.USBnoPD_StateMachineRun
                0x0800db30      0x2f0 ./TCPP/App/app_tcpp.o
 .text.USBnoPD_TCPP0203_ConvertADCDataToVoltage
                0x0800de20       0x6c ./TCPP/App/app_tcpp.o
 .text.USBnoPD_TCPP0203_ConvertADCDataToCurrent
                0x0800de8c       0x64 ./TCPP/App/app_tcpp.o
 .text.USBnoPD_ProcessADC
                0x0800def0       0xbc ./TCPP/App/app_tcpp.o
 .text.HAL_ADC_ConvCpltCallback
                0x0800dfac       0x14 ./TCPP/App/app_tcpp.o
                0x0800dfac                HAL_ADC_ConvCpltCallback
 .text.TIM_Base_Start_IT
                0x0800dfc0       0x14 ./TCPP/Target/USBnoPD_Tim.o
                0x0800dfc0                TIM_Base_Start_IT
 .text.TIM_Base_Stop_IT
                0x0800dfd4       0x14 ./TCPP/Target/USBnoPD_Tim.o
                0x0800dfd4                TIM_Base_Stop_IT
 .text.BSP_USBPD_PWR_Init
                0x0800dfe8       0xd4 ./TCPP/Target/custom_board_usbpd_pwr.o
                0x0800dfe8                BSP_USBPD_PWR_Init
 .text.BSP_USBPD_PWR_SetPowerMode
                0x0800e0bc      0x1b8 ./TCPP/Target/custom_board_usbpd_pwr.o
                0x0800e0bc                BSP_USBPD_PWR_SetPowerMode
 .text.BSP_USBPD_PWR_VBUSOn
                0x0800e274       0xdc ./TCPP/Target/custom_board_usbpd_pwr.o
                0x0800e274                BSP_USBPD_PWR_VBUSOn
 .text.BSP_USBPD_PWR_VBUSOff
                0x0800e350       0x58 ./TCPP/Target/custom_board_usbpd_pwr.o
                0x0800e350                BSP_USBPD_PWR_VBUSOff
 .text.BSP_USBPD_PWR_VBUSDischargeOn
                0x0800e3a8       0x84 ./TCPP/Target/custom_board_usbpd_pwr.o
                0x0800e3a8                BSP_USBPD_PWR_VBUSDischargeOn
 .text.BSP_USBPD_PWR_VBUSDischargeOff
                0x0800e42c       0x58 ./TCPP/Target/custom_board_usbpd_pwr.o
                0x0800e42c                BSP_USBPD_PWR_VBUSDischargeOff
 .text.PWR_TCPP0203_BUSConfigInit
                0x0800e484      0x14c ./TCPP/Target/custom_board_usbpd_pwr.o
 .text.ADC_Start
                0x0800e5d0       0x34 ./TCPP/Target/usbpd_ADCnoPD.o
                0x0800e5d0                ADC_Start
 .text.MX_USB_HOST_Init
                0x0800e604       0x4c ./USB_HOST/App/usb_host.o
                0x0800e604                MX_USB_HOST_Init
 .text.MX_USB_HOST_Process
                0x0800e650       0x14 ./USB_HOST/App/usb_host.o
                0x0800e650                MX_USB_HOST_Process
 .text.USBH_UserProcess
                0x0800e664       0x5c ./USB_HOST/App/usb_host.o
 .text.HAL_HCD_MspInit
                0x0800e6c0       0x9c ./USB_HOST/Target/usbh_conf.o
                0x0800e6c0                HAL_HCD_MspInit
 .text.HAL_HCD_SOF_Callback
                0x0800e75c       0x1c ./USB_HOST/Target/usbh_conf.o
                0x0800e75c                HAL_HCD_SOF_Callback
 .text.HAL_HCD_Connect_Callback
                0x0800e778       0x1c ./USB_HOST/Target/usbh_conf.o
                0x0800e778                HAL_HCD_Connect_Callback
 .text.HAL_HCD_Disconnect_Callback
                0x0800e794       0x1c ./USB_HOST/Target/usbh_conf.o
                0x0800e794                HAL_HCD_Disconnect_Callback
 .text.HAL_HCD_HC_NotifyURBChange_Callback
                0x0800e7b0       0x1c ./USB_HOST/Target/usbh_conf.o
                0x0800e7b0                HAL_HCD_HC_NotifyURBChange_Callback
 .text.HAL_HCD_PortEnabled_Callback
                0x0800e7cc       0x1c ./USB_HOST/Target/usbh_conf.o
                0x0800e7cc                HAL_HCD_PortEnabled_Callback
 .text.HAL_HCD_PortDisabled_Callback
                0x0800e7e8       0x1c ./USB_HOST/Target/usbh_conf.o
                0x0800e7e8                HAL_HCD_PortDisabled_Callback
 .text.USBH_LL_Init
                0x0800e804       0x84 ./USB_HOST/Target/usbh_conf.o
                0x0800e804                USBH_LL_Init
 .text.USBH_LL_Start
                0x0800e888       0x36 ./USB_HOST/Target/usbh_conf.o
                0x0800e888                USBH_LL_Start
 .text.USBH_LL_Stop
                0x0800e8be       0x36 ./USB_HOST/Target/usbh_conf.o
                0x0800e8be                USBH_LL_Stop
 .text.USBH_LL_GetSpeed
                0x0800e8f4       0x4e ./USB_HOST/Target/usbh_conf.o
                0x0800e8f4                USBH_LL_GetSpeed
 .text.USBH_LL_ResetPort
                0x0800e942       0x36 ./USB_HOST/Target/usbh_conf.o
                0x0800e942                USBH_LL_ResetPort
 .text.USBH_LL_GetLastXferSize
                0x0800e978       0x26 ./USB_HOST/Target/usbh_conf.o
                0x0800e978                USBH_LL_GetLastXferSize
 .text.USBH_LL_OpenPipe
                0x0800e99e       0x5e ./USB_HOST/Target/usbh_conf.o
                0x0800e99e                USBH_LL_OpenPipe
 .text.USBH_LL_ClosePipe
                0x0800e9fc       0x3e ./USB_HOST/Target/usbh_conf.o
                0x0800e9fc                USBH_LL_ClosePipe
 .text.USBH_LL_SubmitURB
                0x0800ea3a       0x62 ./USB_HOST/Target/usbh_conf.o
                0x0800ea3a                USBH_LL_SubmitURB
 .text.USBH_LL_GetURBState
                0x0800ea9c       0x26 ./USB_HOST/Target/usbh_conf.o
                0x0800ea9c                USBH_LL_GetURBState
 .text.USBH_LL_DriverVBUS
                0x0800eac2       0x1c ./USB_HOST/Target/usbh_conf.o
                0x0800eac2                USBH_LL_DriverVBUS
 .text.USBH_LL_SetToggle
                0x0800eade       0x66 ./USB_HOST/Target/usbh_conf.o
                0x0800eade                USBH_LL_SetToggle
 .text.USBH_Delay
                0x0800eb44       0x16 ./USB_HOST/Target/usbh_conf.o
                0x0800eb44                USBH_Delay
 *fill*         0x0800eb5a        0x2 
 .text.USBH_Get_USB_Status
                0x0800eb5c       0x58 ./USB_HOST/Target/usbh_conf.o
                0x0800eb5c                USBH_Get_USB_Status
 .text.malloc   0x0800ebb4       0x10 /opt/st/stm32cubeide_1.15.0/plugins/com.st.stm32cube.ide.mcu.externaltools.gnu-tools-for-stm32.12.3.rel1.linux64_1.0.100.202403111256/tools/bin/../lib/gcc/arm-none-eabi/12.3.1/../../../../arm-none-eabi/lib/thumb/v7e-m+dp/hard/libc_nano.a(libc_a-malloc.o)
                0x0800ebb4                malloc
 .text.free     0x0800ebc4       0x10 /opt/st/stm32cubeide_1.15.0/plugins/com.st.stm32cube.ide.mcu.externaltools.gnu-tools-for-stm32.12.3.rel1.linux64_1.0.100.202403111256/tools/bin/../lib/gcc/arm-none-eabi/12.3.1/../../../../arm-none-eabi/lib/thumb/v7e-m+dp/hard/libc_nano.a(libc_a-malloc.o)
                0x0800ebc4                free
 .text.sbrk_aligned
                0x0800ebd4       0x44 /opt/st/stm32cubeide_1.15.0/plugins/com.st.stm32cube.ide.mcu.externaltools.gnu-tools-for-stm32.12.3.rel1.linux64_1.0.100.202403111256/tools/bin/../lib/gcc/arm-none-eabi/12.3.1/../../../../arm-none-eabi/lib/thumb/v7e-m+dp/hard/libc_nano.a(libc_a-mallocr.o)
 .text._malloc_r
                0x0800ec18      0x100 /opt/st/stm32cubeide_1.15.0/plugins/com.st.stm32cube.ide.mcu.externaltools.gnu-tools-for-stm32.12.3.rel1.linux64_1.0.100.202403111256/tools/bin/../lib/gcc/arm-none-eabi/12.3.1/../../../../arm-none-eabi/lib/thumb/v7e-m+dp/hard/libc_nano.a(libc_a-mallocr.o)
                0x0800ec18                _malloc_r
 .text.__malloc_lock
                0x0800ed18        0xc /opt/st/stm32cubeide_1.15.0/plugins/com.st.stm32cube.ide.mcu.externaltools.gnu-tools-for-stm32.12.3.rel1.linux64_1.0.100.202403111256/tools/bin/../lib/gcc/arm-none-eabi/12.3.1/../../../../arm-none-eabi/lib/thumb/v7e-m+dp/hard/libc_nano.a(libc_a-mlock.o)
                0x0800ed18                __malloc_lock
 .text.__malloc_unlock
                0x0800ed24        0xc /opt/st/stm32cubeide_1.15.0/plugins/com.st.stm32cube.ide.mcu.externaltools.gnu-tools-for-stm32.12.3.rel1.linux64_1.0.100.202403111256/tools/bin/../lib/gcc/arm-none-eabi/12.3.1/../../../../arm-none-eabi/lib/thumb/v7e-m+dp/hard/libc_nano.a(libc_a-mlock.o)
                0x0800ed24                __malloc_unlock
 .text.memset   0x0800ed30       0x10 /opt/st/stm32cubeide_1.15.0/plugins/com.st.stm32cube.ide.mcu.externaltools.gnu-tools-for-stm32.12.3.rel1.linux64_1.0.100.202403111256/tools/bin/../lib/gcc/arm-none-eabi/12.3.1/../../../../arm-none-eabi/lib/thumb/v7e-m+dp/hard/libc_nano.a(libc_a-memset.o)
                0x0800ed30                memset
 .text._sbrk_r  0x0800ed40       0x20 /opt/st/stm32cubeide_1.15.0/plugins/com.st.stm32cube.ide.mcu.externaltools.gnu-tools-for-stm32.12.3.rel1.linux64_1.0.100.202403111256/tools/bin/../lib/gcc/arm-none-eabi/12.3.1/../../../../arm-none-eabi/lib/thumb/v7e-m+dp/hard/libc_nano.a(libc_a-sbrkr.o)
                0x0800ed40                _sbrk_r
 .text.__errno  0x0800ed60        0xc /opt/st/stm32cubeide_1.15.0/plugins/com.st.stm32cube.ide.mcu.externaltools.gnu-tools-for-stm32.12.3.rel1.linux64_1.0.100.202403111256/tools/bin/../lib/gcc/arm-none-eabi/12.3.1/../../../../arm-none-eabi/lib/thumb/v7e-m+dp/hard/libc_nano.a(libc_a-errno.o)
                0x0800ed60                __errno
 .text.__libc_init_array
                0x0800ed6c       0x48 /opt/st/stm32cubeide_1.15.0/plugins/com.st.stm32cube.ide.mcu.externaltools.gnu-tools-for-stm32.12.3.rel1.linux64_1.0.100.202403111256/tools/bin/../lib/gcc/arm-none-eabi/12.3.1/../../../../arm-none-eabi/lib/thumb/v7e-m+dp/hard/libc_nano.a(libc_a-init.o)
                0x0800ed6c                __libc_init_array
 .text.__retarget_lock_acquire_recursive
                0x0800edb4        0x2 /opt/st/stm32cubeide_1.15.0/plugins/com.st.stm32cube.ide.mcu.externaltools.gnu-tools-for-stm32.12.3.rel1.linux64_1.0.100.202403111256/tools/bin/../lib/gcc/arm-none-eabi/12.3.1/../../../../arm-none-eabi/lib/thumb/v7e-m+dp/hard/libc_nano.a(libc_a-lock.o)
                0x0800edb4                __retarget_lock_acquire_recursive
 .text.__retarget_lock_release_recursive
                0x0800edb6        0x2 /opt/st/stm32cubeide_1.15.0/plugins/com.st.stm32cube.ide.mcu.externaltools.gnu-tools-for-stm32.12.3.rel1.linux64_1.0.100.202403111256/tools/bin/../lib/gcc/arm-none-eabi/12.3.1/../../../../arm-none-eabi/lib/thumb/v7e-m+dp/hard/libc_nano.a(libc_a-lock.o)
                0x0800edb6                __retarget_lock_release_recursive
 .text._free_r  0x0800edb8       0x94 /opt/st/stm32cubeide_1.15.0/plugins/com.st.stm32cube.ide.mcu.externaltools.gnu-tools-for-stm32.12.3.rel1.linux64_1.0.100.202403111256/tools/bin/../lib/gcc/arm-none-eabi/12.3.1/../../../../arm-none-eabi/lib/thumb/v7e-m+dp/hard/libc_nano.a(libc_a-freer.o)
                0x0800edb8                _free_r
 *(.glue_7)
 .glue_7        0x0800ee4c        0x0 linker stubs
 *(.glue_7t)
 .glue_7t       0x0800ee4c        0x0 linker stubs
 *(.eh_frame)
 .eh_frame      0x0800ee4c        0x0 /opt/st/stm32cubeide_1.15.0/plugins/com.st.stm32cube.ide.mcu.externaltools.gnu-tools-for-stm32.12.3.rel1.linux64_1.0.100.202403111256/tools/bin/../lib/gcc/arm-none-eabi/12.3.1/thumb/v7e-m+dp/hard/crtbegin.o
 *(.init)
 .init          0x0800ee4c        0x4 /opt/st/stm32cubeide_1.15.0/plugins/com.st.stm32cube.ide.mcu.externaltools.gnu-tools-for-stm32.12.3.rel1.linux64_1.0.100.202403111256/tools/bin/../lib/gcc/arm-none-eabi/12.3.1/thumb/v7e-m+dp/hard/crti.o
                0x0800ee4c                _init
 .init          0x0800ee50        0x8 /opt/st/stm32cubeide_1.15.0/plugins/com.st.stm32cube.ide.mcu.externaltools.gnu-tools-for-stm32.12.3.rel1.linux64_1.0.100.202403111256/tools/bin/../lib/gcc/arm-none-eabi/12.3.1/thumb/v7e-m+dp/hard/crtn.o
 *(.fini)
 .fini          0x0800ee58        0x4 /opt/st/stm32cubeide_1.15.0/plugins/com.st.stm32cube.ide.mcu.externaltools.gnu-tools-for-stm32.12.3.rel1.linux64_1.0.100.202403111256/tools/bin/../lib/gcc/arm-none-eabi/12.3.1/thumb/v7e-m+dp/hard/crti.o
                0x0800ee58                _fini
 .fini          0x0800ee5c        0x8 /opt/st/stm32cubeide_1.15.0/plugins/com.st.stm32cube.ide.mcu.externaltools.gnu-tools-for-stm32.12.3.rel1.linux64_1.0.100.202403111256/tools/bin/../lib/gcc/arm-none-eabi/12.3.1/thumb/v7e-m+dp/hard/crtn.o
                0x0800ee64                        . = ALIGN (0x4)
                0x0800ee64                        _etext = .

.vfp11_veneer   0x0800ee64        0x0
 .vfp11_veneer  0x0800ee64        0x0 linker stubs

.v4_bx          0x0800ee64        0x0
 .v4_bx         0x0800ee64        0x0 linker stubs

.iplt           0x0800ee64        0x0
 .iplt          0x0800ee64        0x0 /opt/st/stm32cubeide_1.15.0/plugins/com.st.stm32cube.ide.mcu.externaltools.gnu-tools-for-stm32.12.3.rel1.linux64_1.0.100.202403111256/tools/bin/../lib/gcc/arm-none-eabi/12.3.1/thumb/v7e-m+dp/hard/crtbegin.o

.rodata         0x0800ee64       0x34
                0x0800ee64                        . = ALIGN (0x4)
 *(.rodata)
 .rodata        0x0800ee64        0x8 ./Drivers/STM32H7RSxx_HAL_Driver/stm32h7rsxx_hal_rcc.o
 .rodata        0x0800ee6c        0x4 ./Middlewares/ST/STM32_USB_Host_Library/usbh_cdc.o
 *(.rodata*)
 .rodata.UARTPrescTable
                0x0800ee70       0x18 ./Drivers/STM32H7RSxx_HAL_Driver/stm32h7rsxx_hal_uart.o
                0x0800ee70                UARTPrescTable
 .rodata.numerator.1
                0x0800ee88        0x8 ./Drivers/STM32H7RSxx_HAL_Driver/stm32h7rsxx_hal_uart_ex.o
 .rodata.denominator.0
                0x0800ee90        0x8 ./Drivers/STM32H7RSxx_HAL_Driver/stm32h7rsxx_hal_uart_ex.o
                0x0800ee98                        . = ALIGN (0x4)

.ARM.extab      0x0800ee98        0x0
                0x0800ee98                        . = ALIGN (0x4)
 *(.ARM.extab* .gnu.linkonce.armextab.*)
                0x0800ee98                        . = ALIGN (0x4)

.ARM            0x0800ee98        0x8
                0x0800ee98                        . = ALIGN (0x4)
                0x0800ee98                        __exidx_start = .
 *(.ARM.exidx*)
 .ARM.exidx     0x0800ee98        0x8 /opt/st/stm32cubeide_1.15.0/plugins/com.st.stm32cube.ide.mcu.externaltools.gnu-tools-for-stm32.12.3.rel1.linux64_1.0.100.202403111256/tools/bin/../lib/gcc/arm-none-eabi/12.3.1/thumb/v7e-m+dp/hard/libgcc.a(_udivmoddi4.o)
                0x0800eea0                        __exidx_end = .
                0x0800eea0                        . = ALIGN (0x4)

.preinit_array  0x0800eea0        0x0
                0x0800eea0                        . = ALIGN (0x4)
                0x0800eea0                        PROVIDE (__preinit_array_start = .)
 *(.preinit_array*)
                0x0800eea0                        PROVIDE (__preinit_array_end = .)
                0x0800eea0                        . = ALIGN (0x4)

.init_array     0x0800eea0        0x4
                0x0800eea0                        . = ALIGN (0x4)
                0x0800eea0                        PROVIDE (__init_array_start = .)
 *(SORT_BY_NAME(.init_array.*))
 *(.init_array*)
 .init_array    0x0800eea0        0x4 /opt/st/stm32cubeide_1.15.0/plugins/com.st.stm32cube.ide.mcu.externaltools.gnu-tools-for-stm32.12.3.rel1.linux64_1.0.100.202403111256/tools/bin/../lib/gcc/arm-none-eabi/12.3.1/thumb/v7e-m+dp/hard/crtbegin.o
                0x0800eea4                        PROVIDE (__init_array_end = .)
                0x0800eea4                        . = ALIGN (0x4)

.fini_array     0x0800eea4        0x4
                0x0800eea4                        . = ALIGN (0x4)
                [!provide]                        PROVIDE (__fini_array_start = .)
 *(SORT_BY_NAME(.fini_array.*))
 *(.fini_array*)
 .fini_array    0x0800eea4        0x4 /opt/st/stm32cubeide_1.15.0/plugins/com.st.stm32cube.ide.mcu.externaltools.gnu-tools-for-stm32.12.3.rel1.linux64_1.0.100.202403111256/tools/bin/../lib/gcc/arm-none-eabi/12.3.1/thumb/v7e-m+dp/hard/crtbegin.o
                [!provide]                        PROVIDE (__fini_array_end = .)
                0x0800eea8                        . = ALIGN (0x4)
                0x0800eea8                        _sidata = LOADADDR (.data)

.rel.dyn        0x0800eea8        0x0
 .rel.iplt      0x0800eea8        0x0 /opt/st/stm32cubeide_1.15.0/plugins/com.st.stm32cube.ide.mcu.externaltools.gnu-tools-for-stm32.12.3.rel1.linux64_1.0.100.202403111256/tools/bin/../lib/gcc/arm-none-eabi/12.3.1/thumb/v7e-m+dp/hard/crtbegin.o

.data           0x24000000       0xe8 load address 0x0800eea8
                0x24000000                        . = ALIGN (0x4)
                0x24000000                        _sdata = .
 *(.data)
 *(.data*)
 .data.SystemCoreClock
                0x24000000        0x4 ./Core/Src/system_stm32h7rsxx.o
                0x24000000                SystemCoreClock
 .data.TCPP0203_Driver
                0x24000004       0x68 ./Drivers/BSP/Components/tcpp0203.o
                0x24000004                TCPP0203_Driver
 .data.uwTickPrio
                0x2400006c        0x4 ./Drivers/STM32H7RSxx_HAL_Driver/stm32h7rsxx_hal.o
                0x2400006c                uwTickPrio
 .data.uwTickFreq
                0x24000070        0x1 ./Drivers/STM32H7RSxx_HAL_Driver/stm32h7rsxx_hal.o
                0x24000070                uwTickFreq
 *fill*         0x24000071        0x3 
 .data.CDC_Class
                0x24000074       0x20 ./Middlewares/ST/STM32_USB_Host_Library/usbh_cdc.o
                0x24000074                CDC_Class
 .data.USBPD_PWR_Port_Configs
                0x24000094        0x2 ./TCPP/Target/custom_board_usbpd_pwr.o
 *fill*         0x24000096        0x2 
 .data._impure_ptr
                0x24000098        0x4 /opt/st/stm32cubeide_1.15.0/plugins/com.st.stm32cube.ide.mcu.externaltools.gnu-tools-for-stm32.12.3.rel1.linux64_1.0.100.202403111256/tools/bin/../lib/gcc/arm-none-eabi/12.3.1/../../../../arm-none-eabi/lib/thumb/v7e-m+dp/hard/libc_nano.a(libc_a-impure.o)
                0x24000098                _impure_ptr
 .data._impure_data
                0x2400009c       0x4c /opt/st/stm32cubeide_1.15.0/plugins/com.st.stm32cube.ide.mcu.externaltools.gnu-tools-for-stm32.12.3.rel1.linux64_1.0.100.202403111256/tools/bin/../lib/gcc/arm-none-eabi/12.3.1/../../../../arm-none-eabi/lib/thumb/v7e-m+dp/hard/libc_nano.a(libc_a-impure.o)
                0x2400009c                _impure_data
 *(.RamFunc)
 *(.RamFunc*)
                0x240000e8                        . = ALIGN (0x4)
                0x240000e8                        _edata = .

.igot.plt       0x240000e8        0x0 load address 0x0800ef90
 .igot.plt      0x240000e8        0x0 /opt/st/stm32cubeide_1.15.0/plugins/com.st.stm32cube.ide.mcu.externaltools.gnu-tools-for-stm32.12.3.rel1.linux64_1.0.100.202403111256/tools/bin/../lib/gcc/arm-none-eabi/12.3.1/thumb/v7e-m+dp/hard/crtbegin.o
                0x240000e8                        . = ALIGN (0x4)

.bss            0x240000e8      0xd04 load address 0x0800ef90
                0x240000e8                        _sbss = .
                0x240000e8                        __bss_start__ = _sbss
 *(.bss)
 .bss           0x240000e8       0x1c /opt/st/stm32cubeide_1.15.0/plugins/com.st.stm32cube.ide.mcu.externaltools.gnu-tools-for-stm32.12.3.rel1.linux64_1.0.100.202403111256/tools/bin/../lib/gcc/arm-none-eabi/12.3.1/thumb/v7e-m+dp/hard/crtbegin.o
 *(.bss*)
 .bss.hadc1     0x24000104       0x68 ./Core/Src/adc.o
                0x24000104                hadc1
 .bss.hadc2     0x2400016c       0x68 ./Core/Src/adc.o
                0x2400016c                hadc2
 .bss.Node_GPDMA1_Channel0
                0x240001d4       0x24 ./Core/Src/adc.o
                0x240001d4                Node_GPDMA1_Channel0
 .bss.List_GPDMA1_Channel0
                0x240001f8       0x18 ./Core/Src/adc.o
                0x240001f8                List_GPDMA1_Channel0
 .bss.handle_GPDMA1_Channel0
                0x24000210       0x78 ./Core/Src/adc.o
                0x24000210                handle_GPDMA1_Channel0
 .bss.Node_GPDMA1_Channel1
                0x24000288       0x24 ./Core/Src/adc.o
                0x24000288                Node_GPDMA1_Channel1
 .bss.List_GPDMA1_Channel1
                0x240002ac       0x18 ./Core/Src/adc.o
                0x240002ac                List_GPDMA1_Channel1
 .bss.handle_GPDMA1_Channel1
                0x240002c4       0x78 ./Core/Src/adc.o
                0x240002c4                handle_GPDMA1_Channel1
 .bss.HAL_RCC_ADC12_CLK_ENABLED
                0x2400033c        0x4 ./Core/Src/adc.o
 .bss.hi2c3     0x24000340       0x54 ./Core/Src/stm32h7xx_nucleo_bus.o
                0x24000340                hi2c3
 .bss.I2C3InitCounter
                0x24000394        0x4 ./Core/Src/stm32h7xx_nucleo_bus.o
 .bss.__sbrk_heap_end
                0x24000398        0x4 ./Core/Src/sysmem.o
 .bss.htim1     0x2400039c       0x4c ./Core/Src/tim.o
                0x2400039c                htim1
 .bss.huart3    0x240003e8       0x94 ./Core/Src/usart.o
                0x240003e8                huart3
 .bss.TCPP0203_DeviceType
                0x2400047c        0x1 ./Drivers/BSP/Components/tcpp0203.o
 *fill*         0x2400047d        0x3 
 .bss.uwTick    0x24000480        0x4 ./Drivers/STM32H7RSxx_HAL_Driver/stm32h7rsxx_hal.o
                0x24000480                uwTick
 .bss.USBnoPD_State
                0x24000484        0x1 ./TCPP/App/app_tcpp.o
                0x24000484                USBnoPD_State
 *fill*         0x24000485        0x3 
 .bss.USBnoPD_adc_buffer
                0x24000488        0xa ./TCPP/App/app_tcpp.o
                0x24000488                USBnoPD_adc_buffer
 *fill*         0x24000492        0x2 
 .bss.USBnoPD_adc_buffer_filtered
                0x24000494        0xa ./TCPP/App/app_tcpp.o
                0x24000494                USBnoPD_adc_buffer_filtered
 *fill*         0x2400049e        0x2 
 .bss.USBnoPD_adc_converted_buffer
                0x240004a0        0xa ./TCPP/App/app_tcpp.o
                0x240004a0                USBnoPD_adc_converted_buffer
 .bss.USBnoPD_debounce_counter
                0x240004aa        0x2 ./TCPP/App/app_tcpp.o
                0x240004aa                USBnoPD_debounce_counter
 .bss.USBnoPD_activeCC
                0x240004ac        0x1 ./TCPP/App/app_tcpp.o
                0x240004ac                USBnoPD_activeCC
 *fill*         0x240004ad        0x3 
 .bss.USBPD_PWR_Port_Status
                0x240004b0        0xc ./TCPP/Target/custom_board_usbpd_pwr.o
 .bss.USBPD_PWR_PortCompObj
                0x240004bc       0x28 ./TCPP/Target/custom_board_usbpd_pwr.o
                0x240004bc                USBPD_PWR_PortCompObj
 .bss.USBPD_PWR_PortCompDrv
                0x240004e4        0x4 ./TCPP/Target/custom_board_usbpd_pwr.o
                0x240004e4                USBPD_PWR_PortCompDrv
 .bss.hUsbHostHS
                0x240004e8      0x3d8 ./USB_HOST/App/usb_host.o
                0x240004e8                hUsbHostHS
 .bss.Appli_state
                0x240008c0        0x1 ./USB_HOST/App/usb_host.o
                0x240008c0                Appli_state
 *fill*         0x240008c1        0x3 
 .bss.hhcd_USB_OTG_HS
                0x240008c4      0x3e0 ./USB_HOST/Target/usbh_conf.o
                0x240008c4                hhcd_USB_OTG_HS
 .bss.__malloc_sbrk_start
                0x24000ca4        0x4 /opt/st/stm32cubeide_1.15.0/plugins/com.st.stm32cube.ide.mcu.externaltools.gnu-tools-for-stm32.12.3.rel1.linux64_1.0.100.202403111256/tools/bin/../lib/gcc/arm-none-eabi/12.3.1/../../../../arm-none-eabi/lib/thumb/v7e-m+dp/hard/libc_nano.a(libc_a-mallocr.o)
                0x24000ca4                __malloc_sbrk_start
 .bss.__malloc_free_list
                0x24000ca8        0x4 /opt/st/stm32cubeide_1.15.0/plugins/com.st.stm32cube.ide.mcu.externaltools.gnu-tools-for-stm32.12.3.rel1.linux64_1.0.100.202403111256/tools/bin/../lib/gcc/arm-none-eabi/12.3.1/../../../../arm-none-eabi/lib/thumb/v7e-m+dp/hard/libc_nano.a(libc_a-mallocr.o)
                0x24000ca8                __malloc_free_list
 .bss.__sf      0x24000cac      0x138 /opt/st/stm32cubeide_1.15.0/plugins/com.st.stm32cube.ide.mcu.externaltools.gnu-tools-for-stm32.12.3.rel1.linux64_1.0.100.202403111256/tools/bin/../lib/gcc/arm-none-eabi/12.3.1/../../../../arm-none-eabi/lib/thumb/v7e-m+dp/hard/libc_nano.a(libc_a-findfp.o)
                0x24000cac                __sf
 .bss.errno     0x24000de4        0x4 /opt/st/stm32cubeide_1.15.0/plugins/com.st.stm32cube.ide.mcu.externaltools.gnu-tools-for-stm32.12.3.rel1.linux64_1.0.100.202403111256/tools/bin/../lib/gcc/arm-none-eabi/12.3.1/../../../../arm-none-eabi/lib/thumb/v7e-m+dp/hard/libc_nano.a(libc_a-reent.o)
                0x24000de4                errno
 .bss.__lock___malloc_recursive_mutex
                0x24000de8        0x1 /opt/st/stm32cubeide_1.15.0/plugins/com.st.stm32cube.ide.mcu.externaltools.gnu-tools-for-stm32.12.3.rel1.linux64_1.0.100.202403111256/tools/bin/../lib/gcc/arm-none-eabi/12.3.1/../../../../arm-none-eabi/lib/thumb/v7e-m+dp/hard/libc_nano.a(libc_a-lock.o)
                0x24000de8                __lock___malloc_recursive_mutex
 *(COMMON)
                0x24000dec                        . = ALIGN (0x4)
 *fill*         0x24000de9        0x3 
                0x24000dec                        _ebss = .
                0x24000dec                        __bss_end__ = _ebss

RW_NONCACHEABLE
                0x24071c00        0x0
                0x24071c00                        __NONCACHEABLEBUFFER_BEGIN = .
 *(noncacheable_buffer)
                0x24071c00                        __NONCACHEABLEBUFFER_END = .

._user_heap_stack
                0x20000000      0x600
                0x20000000                        . = ALIGN (0x8)
                [!provide]                        PROVIDE (end = .)
                0x20000000                        PROVIDE (_end = .)
                0x20000200                        . = (. + _Min_Heap_Size)
 *fill*         0x20000000      0x200 
                0x20000600                        . = (. + _Min_Stack_Size)
 *fill*         0x20000200      0x400 
                0x20000600                        . = ALIGN (0x8)

/DISCARD/
 libc.a(*)
 libm.a(*)
 libgcc.a(*)

.ARM.attributes
                0x00000000       0x2e
 *(.ARM.attributes)
 .ARM.attributes
                0x00000000       0x20 /opt/st/stm32cubeide_1.15.0/plugins/com.st.stm32cube.ide.mcu.externaltools.gnu-tools-for-stm32.12.3.rel1.linux64_1.0.100.202403111256/tools/bin/../lib/gcc/arm-none-eabi/12.3.1/thumb/v7e-m+dp/hard/crti.o
 .ARM.attributes
                0x00000020       0x32 /opt/st/stm32cubeide_1.15.0/plugins/com.st.stm32cube.ide.mcu.externaltools.gnu-tools-for-stm32.12.3.rel1.linux64_1.0.100.202403111256/tools/bin/../lib/gcc/arm-none-eabi/12.3.1/thumb/v7e-m+dp/hard/crtbegin.o
 .ARM.attributes
                0x00000052       0x32 ./Core/Src/adc.o
 .ARM.attributes
                0x00000084       0x32 ./Core/Src/gpdma.o
 .ARM.attributes
                0x000000b6       0x32 ./Core/Src/gpio.o
 .ARM.attributes
                0x000000e8       0x32 ./Core/Src/main.o
 .ARM.attributes
                0x0000011a       0x32 ./Core/Src/stm32h7rsxx_hal_msp.o
 .ARM.attributes
                0x0000014c       0x32 ./Core/Src/stm32h7rsxx_it.o
 .ARM.attributes
                0x0000017e       0x32 ./Core/Src/stm32h7xx_nucleo_bus.o
 .ARM.attributes
                0x000001b0       0x32 ./Core/Src/sysmem.o
 .ARM.attributes
                0x000001e2       0x32 ./Core/Src/system_stm32h7rsxx.o
 .ARM.attributes
                0x00000214       0x32 ./Core/Src/tim.o
 .ARM.attributes
                0x00000246       0x32 ./Core/Src/usart.o
 .ARM.attributes
                0x00000278       0x21 ./Core/Startup/startup_stm32h7s3l8hx.o
 .ARM.attributes
                0x00000299       0x32 ./Drivers/BSP/Components/tcpp0203.o
 .ARM.attributes
                0x000002cb       0x32 ./Drivers/BSP/Components/tcpp0203_reg.o
 .ARM.attributes
                0x000002fd       0x32 ./Drivers/STM32H7RSxx_HAL_Driver/stm32h7rsxx_hal.o
 .ARM.attributes
                0x0000032f       0x32 ./Drivers/STM32H7RSxx_HAL_Driver/stm32h7rsxx_hal_adc.o
 .ARM.attributes
                0x00000361       0x32 ./Drivers/STM32H7RSxx_HAL_Driver/stm32h7rsxx_hal_adc_ex.o
 .ARM.attributes
                0x00000393       0x32 ./Drivers/STM32H7RSxx_HAL_Driver/stm32h7rsxx_hal_cortex.o
 .ARM.attributes
                0x000003c5       0x32 ./Drivers/STM32H7RSxx_HAL_Driver/stm32h7rsxx_hal_dma.o
 .ARM.attributes
                0x000003f7       0x32 ./Drivers/STM32H7RSxx_HAL_Driver/stm32h7rsxx_hal_dma_ex.o
 .ARM.attributes
                0x00000429       0x32 ./Drivers/STM32H7RSxx_HAL_Driver/stm32h7rsxx_hal_gpio.o
 .ARM.attributes
                0x0000045b       0x32 ./Drivers/STM32H7RSxx_HAL_Driver/stm32h7rsxx_hal_hcd.o
 .ARM.attributes
                0x0000048d       0x32 ./Drivers/STM32H7RSxx_HAL_Driver/stm32h7rsxx_hal_i2c.o
 .ARM.attributes
                0x000004bf       0x32 ./Drivers/STM32H7RSxx_HAL_Driver/stm32h7rsxx_hal_i2c_ex.o
 .ARM.attributes
                0x000004f1       0x32 ./Drivers/STM32H7RSxx_HAL_Driver/stm32h7rsxx_hal_pwr_ex.o
 .ARM.attributes
                0x00000523       0x32 ./Drivers/STM32H7RSxx_HAL_Driver/stm32h7rsxx_hal_rcc.o
 .ARM.attributes
                0x00000555       0x32 ./Drivers/STM32H7RSxx_HAL_Driver/stm32h7rsxx_hal_rcc_ex.o
 .ARM.attributes
                0x00000587       0x32 ./Drivers/STM32H7RSxx_HAL_Driver/stm32h7rsxx_hal_tim.o
 .ARM.attributes
                0x000005b9       0x32 ./Drivers/STM32H7RSxx_HAL_Driver/stm32h7rsxx_hal_uart.o
 .ARM.attributes
                0x000005eb       0x32 ./Drivers/STM32H7RSxx_HAL_Driver/stm32h7rsxx_hal_uart_ex.o
 .ARM.attributes
                0x0000061d       0x32 ./Drivers/STM32H7RSxx_HAL_Driver/stm32h7rsxx_ll_usb.o
 .ARM.attributes
                0x0000064f       0x32 ./Middlewares/ST/STM32_USB_Host_Library/usbh_cdc.o
 .ARM.attributes
                0x00000681       0x32 ./Middlewares/ST/STM32_USB_Host_Library/usbh_core.o
 .ARM.attributes
                0x000006b3       0x32 ./Middlewares/ST/STM32_USB_Host_Library/usbh_ctlreq.o
 .ARM.attributes
                0x000006e5       0x32 ./Middlewares/ST/STM32_USB_Host_Library/usbh_ioreq.o
 .ARM.attributes
                0x00000717       0x32 ./Middlewares/ST/STM32_USB_Host_Library/usbh_pipes.o
 .ARM.attributes
                0x00000749       0x32 ./TCPP/App/app_tcpp.o
 .ARM.attributes
                0x0000077b       0x32 ./TCPP/Target/USBnoPD_Tim.o
 .ARM.attributes
                0x000007ad       0x32 ./TCPP/Target/custom_board_usbpd_pwr.o
 .ARM.attributes
                0x000007df       0x32 ./TCPP/Target/usbpd_ADCnoPD.o
 .ARM.attributes
                0x00000811       0x32 ./USB_HOST/App/usb_host.o
 .ARM.attributes
                0x00000843       0x32 ./USB_HOST/Target/usbh_conf.o
 .ARM.attributes
                0x00000875       0x32 /opt/st/stm32cubeide_1.15.0/plugins/com.st.stm32cube.ide.mcu.externaltools.gnu-tools-for-stm32.12.3.rel1.linux64_1.0.100.202403111256/tools/bin/../lib/gcc/arm-none-eabi/12.3.1/../../../../arm-none-eabi/lib/thumb/v7e-m+dp/hard/libc_nano.a(libc_a-malloc.o)
 .ARM.attributes
                0x000008a7       0x32 /opt/st/stm32cubeide_1.15.0/plugins/com.st.stm32cube.ide.mcu.externaltools.gnu-tools-for-stm32.12.3.rel1.linux64_1.0.100.202403111256/tools/bin/../lib/gcc/arm-none-eabi/12.3.1/../../../../arm-none-eabi/lib/thumb/v7e-m+dp/hard/libc_nano.a(libc_a-mallocr.o)
 .ARM.attributes