/media/jaime/DATOS/Onedrive/OneDrive - PREFABRICADOS LUFORT, S.L/Patente/ProgramasSTM32/Centralita1/Drivers/STM32H7RSxx_HAL_Driver/Src/stm32h7rsxx_hal_hcd.c:109:19:HAL_HCD_Init	32	static
/media/jaime/DATOS/Onedrive/OneDrive - PREFABRICADOS LUFORT, S.L/Patente/ProgramasSTM32/Centralita1/Drivers/STM32H7RSxx_HAL_Driver/Src/stm32h7rsxx_hal_hcd.c:217:19:HAL_HCD_HC_Init	56	static
/media/jaime/DATOS/Onedrive/OneDrive - PREFABRICADOS LUFORT, S.L/Patente/ProgramasSTM32/Centralita1/Drivers/STM32H7RSxx_HAL_Driver/Src/stm32h7rsxx_hal_hcd.c:275:19:HAL_HCD_HC_Halt	24	static
/media/jaime/DATOS/Onedrive/OneDrive - PREFABRICADOS LUFORT, S.L/Patente/ProgramasSTM32/Centralita1/Drivers/STM32H7RSxx_HAL_Driver/Src/stm32h7rsxx_hal_hcd.c:291:19:HAL_HCD_DeInit	16	static
/media/jaime/DATOS/Onedrive/OneDrive - PREFABRICADOS LUFORT, S.L/Patente/ProgramasSTM32/Centralita1/Drivers/STM32H7RSxx_HAL_Driver/Src/stm32h7rsxx_hal_hcd.c:326:14:HAL_HCD_MspInit	16	static
/media/jaime/DATOS/Onedrive/OneDrive - PREFABRICADOS LUFORT, S.L/Patente/ProgramasSTM32/Centralita1/Drivers/STM32H7RSxx_HAL_Driver/Src/stm32h7rsxx_hal_hcd.c:341:14:HAL_HCD_MspDeInit	16	static
/media/jaime/DATOS/Onedrive/OneDrive - PREFABRICADOS LUFORT, S.L/Patente/ProgramasSTM32/Centralita1/Drivers/STM32H7RSxx_HAL_Driver/Src/stm32h7rsxx_hal_hcd.c:393:19:HAL_HCD_HC_SubmitRequest	16	static
/media/jaime/DATOS/Onedrive/OneDrive - PREFABRICADOS LUFORT, S.L/Patente/ProgramasSTM32/Centralita1/Drivers/STM32H7RSxx_HAL_Driver/Src/stm32h7rsxx_hal_hcd.c:537:6:HAL_HCD_IRQHandler	32	static
/media/jaime/DATOS/Onedrive/OneDrive - PREFABRICADOS LUFORT, S.L/Patente/ProgramasSTM32/Centralita1/Drivers/STM32H7RSxx_HAL_Driver/Src/stm32h7rsxx_hal_hcd.c:660:13:HAL_HCD_SOF_Callback	16	static
/media/jaime/DATOS/Onedrive/OneDrive - PREFABRICADOS LUFORT, S.L/Patente/ProgramasSTM32/Centralita1/Drivers/STM32H7RSxx_HAL_Driver/Src/stm32h7rsxx_hal_hcd.c:675:13:HAL_HCD_Connect_Callback	16	static
/media/jaime/DATOS/Onedrive/OneDrive - PREFABRICADOS LUFORT, S.L/Patente/ProgramasSTM32/Centralita1/Drivers/STM32H7RSxx_HAL_Driver/Src/stm32h7rsxx_hal_hcd.c:690:13:HAL_HCD_Disconnect_Callback	16	static
/media/jaime/DATOS/Onedrive/OneDrive - PREFABRICADOS LUFORT, S.L/Patente/ProgramasSTM32/Centralita1/Drivers/STM32H7RSxx_HAL_Driver/Src/stm32h7rsxx_hal_hcd.c:705:13:HAL_HCD_PortEnabled_Callback	16	static
/media/jaime/DATOS/Onedrive/OneDrive - PREFABRICADOS LUFORT, S.L/Patente/ProgramasSTM32/Centralita1/Drivers/STM32H7RSxx_HAL_Driver/Src/stm32h7rsxx_hal_hcd.c:720:13:HAL_HCD_PortDisabled_Callback	16	static
/media/jaime/DATOS/Onedrive/OneDrive - PREFABRICADOS LUFORT, S.L/Patente/ProgramasSTM32/Centralita1/Drivers/STM32H7RSxx_HAL_Driver/Src/stm32h7rsxx_hal_hcd.c:745:13:HAL_HCD_HC_NotifyURBChange_Callback	16	static
/media/jaime/DATOS/Onedrive/OneDrive - PREFABRICADOS LUFORT, S.L/Patente/ProgramasSTM32/Centralita1/Drivers/STM32H7RSxx_HAL_Driver/Src/stm32h7rsxx_hal_hcd.c:1061:19:HAL_HCD_Start	16	static
/media/jaime/DATOS/Onedrive/OneDrive - PREFABRICADOS LUFORT, S.L/Patente/ProgramasSTM32/Centralita1/Drivers/STM32H7RSxx_HAL_Driver/Src/stm32h7rsxx_hal_hcd.c:1080:19:HAL_HCD_Stop	16	static
/media/jaime/DATOS/Onedrive/OneDrive - PREFABRICADOS LUFORT, S.L/Patente/ProgramasSTM32/Centralita1/Drivers/STM32H7RSxx_HAL_Driver/Src/stm32h7rsxx_hal_hcd.c:1094:19:HAL_HCD_ResetPort	16	static
/media/jaime/DATOS/Onedrive/OneDrive - PREFABRICADOS LUFORT, S.L/Patente/ProgramasSTM32/Centralita1/Drivers/STM32H7RSxx_HAL_Driver/Src/stm32h7rsxx_hal_hcd.c:1123:18:HAL_HCD_GetState	16	static
/media/jaime/DATOS/Onedrive/OneDrive - PREFABRICADOS LUFORT, S.L/Patente/ProgramasSTM32/Centralita1/Drivers/STM32H7RSxx_HAL_Driver/Src/stm32h7rsxx_hal_hcd.c:1142:21:HAL_HCD_HC_GetURBState	16	static
/media/jaime/DATOS/Onedrive/OneDrive - PREFABRICADOS LUFORT, S.L/Patente/ProgramasSTM32/Centralita1/Drivers/STM32H7RSxx_HAL_Driver/Src/stm32h7rsxx_hal_hcd.c:1155:10:HAL_HCD_HC_GetXferCount	16	static
/media/jaime/DATOS/Onedrive/OneDrive - PREFABRICADOS LUFORT, S.L/Patente/ProgramasSTM32/Centralita1/Drivers/STM32H7RSxx_HAL_Driver/Src/stm32h7rsxx_hal_hcd.c:1177:21:HAL_HCD_HC_GetState	16	static
/media/jaime/DATOS/Onedrive/OneDrive - PREFABRICADOS LUFORT, S.L/Patente/ProgramasSTM32/Centralita1/Drivers/STM32H7RSxx_HAL_Driver/Src/stm32h7rsxx_hal_hcd.c:1187:10:HAL_HCD_GetCurrentFrame	16	static
/media/jaime/DATOS/Onedrive/OneDrive - PREFABRICADOS LUFORT, S.L/Patente/ProgramasSTM32/Centralita1/Drivers/STM32H7RSxx_HAL_Driver/Src/stm32h7rsxx_hal_hcd.c:1197:10:HAL_HCD_GetCurrentSpeed	16	static
/media/jaime/DATOS/Onedrive/OneDrive - PREFABRICADOS LUFORT, S.L/Patente/ProgramasSTM32/Centralita1/Drivers/STM32H7RSxx_HAL_Driver/Src/stm32h7rsxx_hal_hcd.c:1211:19:HAL_HCD_HC_SetHubInfo	24	static
/media/jaime/DATOS/Onedrive/OneDrive - PREFABRICADOS LUFORT, S.L/Patente/ProgramasSTM32/Centralita1/Drivers/STM32H7RSxx_HAL_Driver/Src/stm32h7rsxx_hal_hcd.c:1241:19:HAL_HCD_HC_ClearHubInfo	16	static
/media/jaime/DATOS/Onedrive/OneDrive - PREFABRICADOS LUFORT, S.L/Patente/ProgramasSTM32/Centralita1/Drivers/STM32H7RSxx_HAL_Driver/Src/stm32h7rsxx_hal_hcd.c:1268:13:HCD_HC_IN_IRQHandler	32	static
/media/jaime/DATOS/Onedrive/OneDrive - PREFABRICADOS LUFORT, S.L/Patente/ProgramasSTM32/Centralita1/Drivers/STM32H7RSxx_HAL_Driver/Src/stm32h7rsxx_hal_hcd.c:1587:13:HCD_HC_OUT_IRQHandler	32	static
/media/jaime/DATOS/Onedrive/OneDrive - PREFABRICADOS LUFORT, S.L/Patente/ProgramasSTM32/Centralita1/Drivers/STM32H7RSxx_HAL_Driver/Src/stm32h7rsxx_hal_hcd.c:1822:13:HCD_RXQLVL_IRQHandler	48	static
/media/jaime/DATOS/Onedrive/OneDrive - PREFABRICADOS LUFORT, S.L/Patente/ProgramasSTM32/Centralita1/Drivers/STM32H7RSxx_HAL_Driver/Src/stm32h7rsxx_hal_hcd.c:1888:13:HCD_Port_IRQHandler	32	static
